Archive member included to satisfy reference by file (symbol)

e:/01-app_install_file/16-stm32cubemx6_5/gun_arm/bin/../lib/gcc/arm-none-eabi/10.3.1/thumb/v7-m/nofp\libgcc.a(_arm_muldf3.o)
                              CMakeFiles/Hal_Code.elf.dir/MyApplication/SHT30.c.obj (__aeabi_dmul)
e:/01-app_install_file/16-stm32cubemx6_5/gun_arm/bin/../lib/gcc/arm-none-eabi/10.3.1/thumb/v7-m/nofp\libgcc.a(_arm_mulsf3.o)
                              CMakeFiles/Hal_Code.elf.dir/MyApplication/ESP8266.c.obj (__aeabi_fmul)
e:/01-app_install_file/16-stm32cubemx6_5/gun_arm/bin/../lib/gcc/arm-none-eabi/10.3.1/thumb/v7-m/nofp\libgcc.a(_arm_addsubdf3.o)
                              CMakeFiles/Hal_Code.elf.dir/MyApplication/SHT30.c.obj (__aeabi_dsub)
e:/01-app_install_file/16-stm32cubemx6_5/gun_arm/bin/../lib/gcc/arm-none-eabi/10.3.1/thumb/v7-m/nofp\libgcc.a(_arm_truncdfsf2.o)
                              CMakeFiles/Hal_Code.elf.dir/MyApplication/SHT30.c.obj (__aeabi_d2f)
e:/01-app_install_file/16-stm32cubemx6_5/gun_arm/bin/../lib/gcc/arm-none-eabi/10.3.1/thumb/v7-m/nofp\libgcc.a(_arm_addsubsf3.o)
                              CMakeFiles/Hal_Code.elf.dir/MyApplication/ESP8266.c.obj (__aeabi_fsub)
e:/01-app_install_file/16-stm32cubemx6_5/gun_arm/bin/../lib/gcc/arm-none-eabi/10.3.1/thumb/v7-m/nofp\libgcc.a(_arm_cmpsf2.o)
                              CMakeFiles/Hal_Code.elf.dir/MyApplication/ESP8266.c.obj (__aeabi_fcmplt)
e:/01-app_install_file/16-stm32cubemx6_5/gun_arm/bin/../lib/gcc/arm-none-eabi/10.3.1/thumb/v7-m/nofp\libgcc.a(_arm_fixunssfsi.o)
                              CMakeFiles/Hal_Code.elf.dir/MyApplication/ESP8266.c.obj (__aeabi_f2uiz)
e:/01-app_install_file/16-stm32cubemx6_5/gun_arm/bin/../lib/gcc/arm-none-eabi/10.3.1/../../../../arm-none-eabi/lib/thumb/v7-m/nofp\libg.a(lib_a-errno.o)
                              CMakeFiles/Hal_Code.elf.dir/Core/Src/syscalls.c.obj (__errno)
e:/01-app_install_file/16-stm32cubemx6_5/gun_arm/bin/../lib/gcc/arm-none-eabi/10.3.1/../../../../arm-none-eabi/lib/thumb/v7-m/nofp\libg.a(lib_a-exit.o)
                              e:/01-app_install_file/16-stm32cubemx6_5/gun_arm/bin/../lib/gcc/arm-none-eabi/10.3.1/../../../../arm-none-eabi/lib/thumb/v7-m/nofp/crt0.o (exit)
e:/01-app_install_file/16-stm32cubemx6_5/gun_arm/bin/../lib/gcc/arm-none-eabi/10.3.1/../../../../arm-none-eabi/lib/thumb/v7-m/nofp\libg.a(lib_a-impure.o)
                              e:/01-app_install_file/16-stm32cubemx6_5/gun_arm/bin/../lib/gcc/arm-none-eabi/10.3.1/../../../../arm-none-eabi/lib/thumb/v7-m/nofp\libg.a(lib_a-exit.o) (_global_impure_ptr)
e:/01-app_install_file/16-stm32cubemx6_5/gun_arm/bin/../lib/gcc/arm-none-eabi/10.3.1/../../../../arm-none-eabi/lib/thumb/v7-m/nofp\libg.a(lib_a-init.o)
                              e:/01-app_install_file/16-stm32cubemx6_5/gun_arm/bin/../lib/gcc/arm-none-eabi/10.3.1/../../../../arm-none-eabi/lib/thumb/v7-m/nofp/crt0.o (__libc_init_array)
e:/01-app_install_file/16-stm32cubemx6_5/gun_arm/bin/../lib/gcc/arm-none-eabi/10.3.1/../../../../arm-none-eabi/lib/thumb/v7-m/nofp\libg.a(lib_a-memcpy.o)
                              CMakeFiles/Hal_Code.elf.dir/Middlewares/Third_Party/FreeRTOS/Source/queue.c.obj (memcpy)
e:/01-app_install_file/16-stm32cubemx6_5/gun_arm/bin/../lib/gcc/arm-none-eabi/10.3.1/../../../../arm-none-eabi/lib/thumb/v7-m/nofp\libg.a(lib_a-memset.o)
                              e:/01-app_install_file/16-stm32cubemx6_5/gun_arm/bin/../lib/gcc/arm-none-eabi/10.3.1/../../../../arm-none-eabi/lib/thumb/v7-m/nofp/crt0.o (memset)
e:/01-app_install_file/16-stm32cubemx6_5/gun_arm/bin/../lib/gcc/arm-none-eabi/10.3.1/../../../../arm-none-eabi/lib/thumb/v7-m/nofp\libg.a(lib_a-printf.o)
                              CMakeFiles/Hal_Code.elf.dir/Core/Src/freertos.c.obj (printf)
e:/01-app_install_file/16-stm32cubemx6_5/gun_arm/bin/../lib/gcc/arm-none-eabi/10.3.1/../../../../arm-none-eabi/lib/thumb/v7-m/nofp\libg.a(lib_a-puts.o)
                              CMakeFiles/Hal_Code.elf.dir/Core/Src/freertos.c.obj (puts)
e:/01-app_install_file/16-stm32cubemx6_5/gun_arm/bin/../lib/gcc/arm-none-eabi/10.3.1/../../../../arm-none-eabi/lib/thumb/v7-m/nofp\libg.a(lib_a-reent.o)
                              CMakeFiles/Hal_Code.elf.dir/Middlewares/Third_Party/FreeRTOS/Source/tasks.c.obj (_reclaim_reent)
e:/01-app_install_file/16-stm32cubemx6_5/gun_arm/bin/../lib/gcc/arm-none-eabi/10.3.1/../../../../arm-none-eabi/lib/thumb/v7-m/nofp\libg.a(lib_a-sprintf.o)
                              CMakeFiles/Hal_Code.elf.dir/Middlewares/Third_Party/FreeRTOS/Source/tasks.c.obj (sprintf)
e:/01-app_install_file/16-stm32cubemx6_5/gun_arm/bin/../lib/gcc/arm-none-eabi/10.3.1/../../../../arm-none-eabi/lib/thumb/v7-m/nofp\libg.a(lib_a-strcpy.o)
                              CMakeFiles/Hal_Code.elf.dir/Middlewares/Third_Party/FreeRTOS/Source/tasks.c.obj (strcpy)
[...]
Memory Configuration

Name             Origin             Length             Attributes
RAM              0x20000000         0x00010000         xrw
FLASH            0x08000000         0x00080000         xr
*default*        0x00000000         0xffffffff

Linker script and memory map

LOAD e:/01-app_install_file/16-stm32cubemx6_5/gun_arm/bin/../lib/gcc/arm-none-eabi/10.3.1/thumb/v7-m/nofp/crti.o
LOAD e:/01-app_install_file/16-stm32cubemx6_5/gun_arm/bin/../lib/gcc/arm-none-eabi/10.3.1/thumb/v7-m/nofp/crtbegin.o
LOAD e:/01-app_install_file/16-stm32cubemx6_5/gun_arm/bin/../lib/gcc/arm-none-eabi/10.3.1/../../../../arm-none-eabi/lib/thumb/v7-m/nofp/crt0.o
LOAD CMakeFiles/Hal_Code.elf.dir/Core/Src/dma.c.obj
LOAD CMakeFiles/Hal_Code.elf.dir/Core/Src/freertos.c.obj
LOAD CMakeFiles/Hal_Code.elf.dir/Core/Src/fsmc.c.obj
LOAD CMakeFiles/Hal_Code.elf.dir/Core/Src/gpio.c.obj
LOAD CMakeFiles/Hal_Code.elf.dir/Core/Src/main.c.obj
LOAD CMakeFiles/Hal_Code.elf.dir/Core/Src/stm32f1xx_hal_msp.c.obj
LOAD CMakeFiles/Hal_Code.elf.dir/Core/Src/stm32f1xx_hal_timebase_tim.c.obj
LOAD CMakeFiles/Hal_Code.elf.dir/Core/Src/stm32f1xx_it.c.obj
LOAD CMakeFiles/Hal_Code.elf.dir/Core/Src/syscalls.c.obj
LOAD CMakeFiles/Hal_Code.elf.dir/Core/Src/sysmem.c.obj
LOAD CMakeFiles/Hal_Code.elf.dir/Core/Src/system_stm32f1xx.c.obj
LOAD CMakeFiles/Hal_Code.elf.dir/Core/Src/tim.c.obj
LOAD CMakeFiles/Hal_Code.elf.dir/Core/Src/usart.c.obj
LOAD CMakeFiles/Hal_Code.elf.dir/Core/Startup/startup_stm32f103zetx.s.obj
LOAD CMakeFiles/Hal_Code.elf.dir/Drivers/STM32F1xx_HAL_Driver/Src/stm32f1xx_hal.c.obj
LOAD CMakeFiles/Hal_Code.elf.dir/Drivers/STM32F1xx_HAL_Driver/Src/stm32f1xx_hal_cortex.c.obj
LOAD CMakeFiles/Hal_Code.elf.dir/Drivers/STM32F1xx_HAL_Driver/Src/stm32f1xx_hal_dma.c.obj
LOAD CMakeFiles/Hal_Code.elf.dir/Drivers/STM32F1xx_HAL_Driver/Src/stm32f1xx_hal_exti.c.obj
LOAD CMakeFiles/Hal_Code.elf.dir/Drivers/STM32F1xx_HAL_Driver/Src/stm32f1xx_hal_flash.c.obj
LOAD CMakeFiles/Hal_Code.elf.dir/Drivers/STM32F1xx_HAL_Driver/Src/stm32f1xx_hal_flash_ex.c.obj
LOAD CMakeFiles/Hal_Code.elf.dir/Drivers/STM32F1xx_HAL_Driver/Src/stm32f1xx_hal_gpio.c.obj
LOAD CMakeFiles/Hal_Code.elf.dir/Drivers/STM32F1xx_HAL_Driver/Src/stm32f1xx_hal_gpio_ex.c.obj
LOAD CMakeFiles/Hal_Code.elf.dir/Drivers/STM32F1xx_HAL_Driver/Src/stm32f1xx_hal_pwr.c.obj
LOAD CMakeFiles/Hal_Code.elf.dir/Drivers/STM32F1xx_HAL_Driver/Src/stm32f1xx_hal_rcc.c.obj
LOAD CMakeFiles/Hal_Code.elf.dir/Drivers/STM32F1xx_HAL_Driver/Src/stm32f1xx_hal_rcc_ex.c.obj
LOAD CMakeFiles/Hal_Code.elf.dir/Drivers/STM32F1xx_HAL_Driver/Src/stm32f1xx_hal_sram.c.obj
LOAD CMakeFiles/Hal_Code.elf.dir/Drivers/STM32F1xx_HAL_Driver/Src/stm32f1xx_hal_tim.c.obj
LOAD CMakeFiles/Hal_Code.elf.dir/Drivers/STM32F1xx_HAL_Driver/Src/stm32f1xx_hal_tim_ex.c.obj
LOAD CMakeFiles/Hal_Code.elf.dir/Drivers/STM32F1xx_HAL_Driver/Src/stm32f1xx_hal_uart.c.obj
LOAD CMakeFiles/Hal_Code.elf.dir/Drivers/STM32F1xx_HAL_Driver/Src/stm32f1xx_ll_fsmc.c.obj
LOAD CMakeFiles/Hal_Code.elf.dir/Middlewares/Third_Party/FreeRTOS/Source/CMSIS_RTOS/cmsis_os.c.obj
LOAD CMakeFiles/Hal_Code.elf.dir/Middlewares/Third_Party/FreeRTOS/Source/croutine.c.obj
LOAD CMakeFiles/Hal_Code.elf.dir/Middlewares/Third_Party/FreeRTOS/Source/event_groups.c.obj
LOAD CMakeFiles/Hal_Code.elf.dir/Middlewares/Third_Party/FreeRTOS/Source/list.c.obj
LOAD CMakeFiles/Hal_Code.elf.dir/Middlewares/Third_Party/FreeRTOS/Source/portable/GCC/ARM_CM3/port.c.obj
LOAD CMakeFiles/Hal_Code.elf.dir/Middlewares/Third_Party/FreeRTOS/Source/portable/MemMang/heap_4.c.obj
LOAD CMakeFiles/Hal_Code.elf.dir/Middlewares/Third_Party/FreeRTOS/Source/queue.c.obj
LOAD CMakeFiles/Hal_Code.elf.dir/Middlewares/Third_Party/FreeRTOS/Source/stream_buffer.c.obj
LOAD CMakeFiles/Hal_Code.elf.dir/Middlewares/Third_Party/FreeRTOS/Source/tasks.c.obj
LOAD CMakeFiles/Hal_Code.elf.dir/Middlewares/Third_Party/FreeRTOS/Source/timers.c.obj
LOAD CMakeFiles/Hal_Code.elf.dir/MyApplication/Buzzer.c.obj
LOAD CMakeFiles/Hal_Code.elf.dir/MyApplication/CallBack.c.obj
LOAD CMakeFiles/Hal_Code.elf.dir/MyApplication/Display.c.obj
LOAD CMakeFiles/Hal_Code.elf.dir/MyApplication/ESP8266.c.obj
LOAD CMakeFiles/Hal_Code.elf.dir/MyApplication/I2C.c.obj
LOAD CMakeFiles/Hal_Code.elf.dir/MyApplication/KEY.c.obj
LOAD CMakeFiles/Hal_Code.elf.dir/MyApplication/LED.c.obj
LOAD CMakeFiles/Hal_Code.elf.dir/MyApplication/MyIWDG.c.obj
LOAD CMakeFiles/Hal_Code.elf.dir/MyApplication/MyInit.c.obj
LOAD CMakeFiles/Hal_Code.elf.dir/MyApplication/Public.c.obj
LOAD CMakeFiles/Hal_Code.elf.dir/MyApplication/Relay.c.obj
LOAD CMakeFiles/Hal_Code.elf.dir/MyApplication/SHT30.c.obj
LOAD CMakeFiles/Hal_Code.elf.dir/MyApplication/System.c.obj
LOAD CMakeFiles/Hal_Code.elf.dir/MyApplication/TFT_LCD.c.obj
LOAD CMakeFiles/Hal_Code.elf.dir/MyApplication/Timer6.c.obj
LOAD CMakeFiles/Hal_Code.elf.dir/MyApplication/UART2.c.obj
LOAD CMakeFiles/Hal_Code.elf.dir/MyApplication/Unipolar_Step_Motor.c.obj
START GROUP
LOAD e:/01-app_install_file/16-stm32cubemx6_5/gun_arm/bin/../lib/gcc/arm-none-eabi/10.3.1/thumb/v7-m/nofp\libgcc.a
LOAD e:/01-app_install_file/16-stm32cubemx6_5/gun_arm/bin/../lib/gcc/arm-none-eabi/10.3.1/../../../../arm-none-eabi/lib/thumb/v7-m/nofp\libg.a
LOAD e:/01-app_install_file/16-stm32cubemx6_5/gun_arm/bin/../lib/gcc/arm-none-eabi/10.3.1/../../../../arm-none-eabi/lib/thumb/v7-m/nofp\libc.a
END GROUP
LOAD e:/01-app_install_file/16-stm32cubemx6_5/gun_arm/bin/../lib/gcc/arm-none-eabi/10.3.1/thumb/v7-m/nofp/crtend.o
LOAD e:/01-app_install_file/16-stm32cubemx6_5/gun_arm/bin/../lib/gcc/arm-none-eabi/10.3.1/thumb/v7-m/nofp/crtn.o
                0x20010000                _estack = (ORIGIN (RAM) + LENGTH (RAM))
                0x00000200                _Min_Heap_Size = 0x200
                0x00000400                _Min_Stack_Size = 0x400

.isr_vector     0x08000000      0x1e4
                0x08000000                . = ALIGN (0x4)
 *(.isr_vector)
 .isr_vector    0x08000000      0x1e4 CMakeFiles/Hal_Code.elf.dir/Core/Startup/startup_stm32f103zetx.s.obj
                0x08000000                g_pfnVectors
                0x080001e4                . = ALIGN (0x4)

.text           0x080001f0     0xe61c
                0x080001f0                . = ALIGN (0x4)
 *(.text)
 .text          0x080001f0       0x40 e:/01-app_install_file/16-stm32cubemx6_5/gun_arm/bin/../lib/gcc/arm-none-eabi/10.3.1/thumb/v7-m/nofp/crtbegin.o
 .text          0x08000230      0x378 e:/01-app_install_file/16-stm32cubemx6_5/gun_arm/bin/../lib/gcc/arm-none-eabi/10.3.1/thumb/v7-m/nofp\libgcc.a(_arm_addsubdf3.o)
                0x08000230                __aeabi_drsub
                0x08000238                __aeabi_dsub
                0x08000238                __subdf3
                0x0800023c                __aeabi_dadd
                0x0800023c                __adddf3
                0x080004b4                __floatunsidf
                0x080004b4                __aeabi_ui2d
                0x080004d4                __floatsidf
                0x080004d4                __aeabi_i2d
                0x080004f8                __aeabi_f2d
                0x080004f8                __extendsfdf2
                0x0800053c                __floatundidf
                0x0800053c                __aeabi_ul2d
                0x0800054c                __floatdidf
                0x0800054c                __aeabi_l2d
 .text          0x080005a8       0xec e:/01-app_install_file/16-stm32cubemx6_5/gun_arm/bin/../lib/gcc/arm-none-eabi/10.3.1/../../../../arm-none-eabi/lib/thumb/v7-m/nofp\libg.a(lib_a-memcpy.o)
                0x080005a8                memcpy
 .text          0x08000694      0x424 e:/01-app_install_file/16-stm32cubemx6_5/gun_arm/bin/../lib/gcc/arm-none-eabi/10.3.1/thumb/v7-m/nofp\libgcc.a(_arm_muldivdf3.o)
                0x08000694                __aeabi_dmul
                0x08000694                __muldf3
                0x080008e8                __divdf3
                0x080008e8                __aeabi_ddiv
 .text          0x08000ab8      0x110 e:/01-app_install_file/16-stm32cubemx6_5/gun_arm/bin/../lib/gcc/arm-none-eabi/10.3.1/thumb/v7-m/nofp\libgcc.a(_arm_cmpdf2.o)
                0x08000ab8                __gtdf2
                0x08000ab8                __gedf2
                0x08000ac0                __ltdf2
                0x08000ac0                __ledf2
                0x08000ac8                __nedf2
                0x08000ac8                __eqdf2
                0x08000ac8                __cmpdf2
                0x08000b44                __aeabi_cdrcmple
                0x08000b54                __aeabi_cdcmpeq
                0x08000b54                __aeabi_cdcmple
                0x08000b64                __aeabi_dcmpeq
                0x08000b78                __aeabi_dcmplt
                0x08000b8c                __aeabi_dcmple
                0x08000ba0                __aeabi_dcmpge
                0x08000bb4                __aeabi_dcmpgt
 .text          0x08000bc8       0x2c e:/01-app_install_file/16-stm32cubemx6_5/gun_arm/bin/../lib/gcc/arm-none-eabi/10.3.1/thumb/v7-m/nofp\libgcc.a(_arm_unorddf2.o)
                0x08000bc8                __unorddf2
                0x08000bc8                __aeabi_dcmpun
 .text          0x08000bf4       0x50 e:/01-app_install_file/16-stm32cubemx6_5/gun_arm/bin/../lib/gcc/arm-none-eabi/10.3.1/thumb/v7-m/nofp\libgcc.a(_arm_fixdfsi.o)
                0x08000bf4                __aeabi_d2iz
                0x08000bf4                __fixdfsi
 .text          0x08000c44       0x30 e:/01-app_install_file/16-stm32cubemx6_5/gun_arm/bin/../lib/gcc/arm-none-eabi/10.3.1/thumb/v7-m/nofp\libgcc.a(_aeabi_uldivmod.o)
                0x08000c44                __aeabi_uldivmod
 .text          0x08000c74      0x2d4 e:/01-app_install_file/16-stm32cubemx6_5/gun_arm/bin/../lib/gcc/arm-none-eabi/10.3.1/thumb/v7-m/nofp\libgcc.a(_udivmoddi4.o)
                0x08000c74                __udivmoddi4
 .text          0x08000f48        0x4 e:/01-app_install_file/16-stm32cubemx6_5/gun_arm/bin/../lib/gcc/arm-none-eabi/10.3.1/thumb/v7-m/nofp\libgcc.a(_dvmd_tls.o)
                0x08000f48                __aeabi_idiv0
                0x08000f48                __aeabi_ldiv0
 *(.text*)
 .text.MX_DMA_Init
                0x08000f4c       0x44 CMakeFiles/Hal_Code.elf.dir/Core/Src/dma.c.obj
                0x08000f4c                MX_DMA_Init
 .text.LED1_Task
                0x08000f90       0x18 CMakeFiles/Hal_Code.elf.dir/Core/Src/freertos.c.obj
                0x08000f90                LED1_Task
 .text.KEY_Task
                0x08000fa8      0x128 CMakeFiles/Hal_Code.elf.dir/Core/Src/freertos.c.obj
                0x08000fa8                KEY_Task
 .text.Queue1_Receive_Task
                0x080010d0       0x38 CMakeFiles/Hal_Code.elf.dir/Core/Src/freertos.c.obj
                0x080010d0                Queue1_Receive_Task
 .text.Queue2_Receive_Task
                0x08001108       0x34 CMakeFiles/Hal_Code.elf.dir/Core/Src/freertos.c.obj
                0x08001108                Queue2_Receive_Task
 .text.configureTimerForRunTimeStats
                0x0800113c        0xc CMakeFiles/Hal_Code.elf.dir/Core/Src/freertos.c.obj
                0x0800113c                configureTimerForRunTimeStats
 .text.getRunTimeCounterValue
                0x08001148        0xc CMakeFiles/Hal_Code.elf.dir/Core/Src/freertos.c.obj
                0x08001148                getRunTimeCounterValue
 .text.MX_FREERTOS_Init
                0x08001154      0x104 CMakeFiles/Hal_Code.elf.dir/Core/Src/freertos.c.obj
                0x08001154                MX_FREERTOS_Init
 .text.HAL_FSMC_MspInit
                0x08001258       0x80 CMakeFiles/Hal_Code.elf.dir/Core/Src/fsmc.c.obj
 .text.MX_FSMC_Init
                0x080012d8       0x7c CMakeFiles/Hal_Code.elf.dir/Core/Src/fsmc.c.obj
                0x080012d8                MX_FSMC_Init
 .text.HAL_SRAM_MspInit
                0x08001354        0x8 CMakeFiles/Hal_Code.elf.dir/Core/Src/fsmc.c.obj
                0x08001354                HAL_SRAM_MspInit
 .text.MX_GPIO_Init
                0x0800135c      0x244 CMakeFiles/Hal_Code.elf.dir/Core/Src/gpio.c.obj
                0x0800135c                MX_GPIO_Init
 .text.HAL_TIM_PeriodElapsedCallback
                0x080015a0       0x30 CMakeFiles/Hal_Code.elf.dir/Core/Src/main.c.obj
                0x080015a0                HAL_TIM_PeriodElapsedCallback
 .text.Error_Handler
                0x080015d0       0x10 CMakeFiles/Hal_Code.elf.dir/Core/Src/main.c.obj
                0x080015d0                Error_Handler
 .text.SystemClock_Config
                0x080015e0       0x6c CMakeFiles/Hal_Code.elf.dir/Core/Src/main.c.obj
                0x080015e0                SystemClock_Config
 .text.main     0x0800164c       0x44 CMakeFiles/Hal_Code.elf.dir/Core/Src/main.c.obj
                0x0800164c                main
 .text.assert_failed
                0x08001690       0x10 CMakeFiles/Hal_Code.elf.dir/Core/Src/main.c.obj
                0x08001690                assert_failed
 .text.HAL_MspInit
                0x080016a0       0x54 CMakeFiles/Hal_Code.elf.dir/Core/Src/stm32f1xx_hal_msp.c.obj
                0x080016a0                HAL_MspInit
 .text.HAL_InitTick
                0x080016f4       0xa0 CMakeFiles/Hal_Code.elf.dir/Core/Src/stm32f1xx_hal_timebase_tim.c.obj
                0x080016f4                HAL_InitTick
 .text.NMI_Handler
                0x08001794        0x8 CMakeFiles/Hal_Code.elf.dir/Core/Src/stm32f1xx_it.c.obj
                0x08001794                NMI_Handler
 .text.HardFault_Handler
                0x0800179c        0x2 CMakeFiles/Hal_Code.elf.dir/Core/Src/stm32f1xx_it.c.obj
                0x0800179c                HardFault_Handler
 .text.MemManage_Handler
                0x0800179e        0x2 CMakeFiles/Hal_Code.elf.dir/Core/Src/stm32f1xx_it.c.obj
                0x0800179e                MemManage_Handler
 .text.BusFault_Handler
                0x080017a0        0x2 CMakeFiles/Hal_Code.elf.dir/Core/Src/stm32f1xx_it.c.obj
                0x080017a0                BusFault_Handler
 .text.UsageFault_Handler
                0x080017a2        0x2 CMakeFiles/Hal_Code.elf.dir/Core/Src/stm32f1xx_it.c.obj
                0x080017a2                UsageFault_Handler
 .text.DebugMon_Handler
                0x080017a4        0x2 CMakeFiles/Hal_Code.elf.dir/Core/Src/stm32f1xx_it.c.obj
                0x080017a4                DebugMon_Handler
 .text.EXTI0_IRQHandler
                0x080017a6        0xa CMakeFiles/Hal_Code.elf.dir/Core/Src/stm32f1xx_it.c.obj
                0x080017a6                EXTI0_IRQHandler
 .text.EXTI1_IRQHandler
                0x080017b0        0xa CMakeFiles/Hal_Code.elf.dir/Core/Src/stm32f1xx_it.c.obj
                0x080017b0                EXTI1_IRQHandler
 .text.EXTI2_IRQHandler
                0x080017ba        0xa CMakeFiles/Hal_Code.elf.dir/Core/Src/stm32f1xx_it.c.obj
                0x080017ba                EXTI2_IRQHandler
 .text.EXTI3_IRQHandler
                0x080017c4        0xa CMakeFiles/Hal_Code.elf.dir/Core/Src/stm32f1xx_it.c.obj
                0x080017c4                EXTI3_IRQHandler
 *fill*         0x080017ce        0x2 
 .text.DMA1_Channel6_IRQHandler
                0x080017d0       0x10 CMakeFiles/Hal_Code.elf.dir/Core/Src/stm32f1xx_it.c.obj
                0x080017d0                DMA1_Channel6_IRQHandler
 .text.DMA1_Channel7_IRQHandler
                0x080017e0       0x10 CMakeFiles/Hal_Code.elf.dir/Core/Src/stm32f1xx_it.c.obj
                0x080017e0                DMA1_Channel7_IRQHandler
 .text.TIM2_IRQHandler
                0x080017f0       0x10 CMakeFiles/Hal_Code.elf.dir/Core/Src/stm32f1xx_it.c.obj
                0x080017f0                TIM2_IRQHandler
 .text.TIM3_IRQHandler
                0x08001800       0x10 CMakeFiles/Hal_Code.elf.dir/Core/Src/stm32f1xx_it.c.obj
                0x08001800                TIM3_IRQHandler
 .text.USART2_IRQHandler
                0x08001810       0x10 CMakeFiles/Hal_Code.elf.dir/Core/Src/stm32f1xx_it.c.obj
                0x08001810                USART2_IRQHandler
 .text.TIM6_IRQHandler
                0x08001820       0x10 CMakeFiles/Hal_Code.elf.dir/Core/Src/stm32f1xx_it.c.obj
                0x08001820                TIM6_IRQHandler
 .text.TIM7_IRQHandler
                0x08001830       0x10 CMakeFiles/Hal_Code.elf.dir/Core/Src/stm32f1xx_it.c.obj
                0x08001830                TIM7_IRQHandler
 .text._getpid  0x08001840        0x4 CMakeFiles/Hal_Code.elf.dir/Core/Src/syscalls.c.obj
                0x08001840                _getpid
 .text._kill    0x08001844       0x10 CMakeFiles/Hal_Code.elf.dir/Core/Src/syscalls.c.obj
                0x08001844                _kill
 .text._exit    0x08001854        0xc CMakeFiles/Hal_Code.elf.dir/Core/Src/syscalls.c.obj
                0x08001854                _exit
 .text._read    0x08001860       0x20 CMakeFiles/Hal_Code.elf.dir/Core/Src/syscalls.c.obj
                0x08001860                _read
 .text._write   0x08001880       0x1c CMakeFiles/Hal_Code.elf.dir/Core/Src/syscalls.c.obj
                0x08001880                _write
 .text._close   0x0800189c        0x6 CMakeFiles/Hal_Code.elf.dir/Core/Src/syscalls.c.obj
                0x0800189c                _close
 .text._fstat   0x080018a2        0xa CMakeFiles/Hal_Code.elf.dir/Core/Src/syscalls.c.obj
                0x080018a2                _fstat
 .text._isatty  0x080018ac        0x4 CMakeFiles/Hal_Code.elf.dir/Core/Src/syscalls.c.obj
                0x080018ac                _isatty
 .text._lseek   0x080018b0        0x4 CMakeFiles/Hal_Code.elf.dir/Core/Src/syscalls.c.obj
                0x080018b0                _lseek
 .text._sbrk    0x080018b4       0x48 CMakeFiles/Hal_Code.elf.dir/Core/Src/sysmem.c.obj
                0x080018b4                _sbrk
 .text.SystemInit
                0x080018fc        0x2 CMakeFiles/Hal_Code.elf.dir/Core/Src/system_stm32f1xx.c.obj
                0x080018fc                SystemInit
 *fill*         0x080018fe        0x2 
 .text.MX_TIM3_Init
                0x08001900       0x70 CMakeFiles/Hal_Code.elf.dir/Core/Src/tim.c.obj
                0x08001900                MX_TIM3_Init
 .text.MX_TIM6_Init
                0x08001970       0x50 CMakeFiles/Hal_Code.elf.dir/Core/Src/tim.c.obj
                0x08001970                MX_TIM6_Init
 .text.MX_TIM7_Init
                0x080019c0       0x50 CMakeFiles/Hal_Code.elf.dir/Core/Src/tim.c.obj
                0x080019c0                MX_TIM7_Init
 .text.HAL_TIM_Base_MspInit
                0x08001a10       0xc0 CMakeFiles/Hal_Code.elf.dir/Core/Src/tim.c.obj
                0x08001a10                HAL_TIM_Base_MspInit
 .text.HAL_TIM_MspPostInit
                0x08001ad0       0x50 CMakeFiles/Hal_Code.elf.dir/Core/Src/tim.c.obj
                0x08001ad0                HAL_TIM_MspPostInit
 .text.MX_TIM1_Init
                0x08001b20       0xf0 CMakeFiles/Hal_Code.elf.dir/Core/Src/tim.c.obj
                0x08001b20                MX_TIM1_Init
 .text.MX_USART1_UART_Init
                0x08001c10       0x34 CMakeFiles/Hal_Code.elf.dir/Core/Src/usart.c.obj
                0x08001c10                MX_USART1_UART_Init
 .text.MX_USART2_UART_Init
                0x08001c44       0x34 CMakeFiles/Hal_Code.elf.dir/Core/Src/usart.c.obj
                0x08001c44                MX_USART2_UART_Init
 .text.HAL_UART_MspInit
                0x08001c78      0x154 CMakeFiles/Hal_Code.elf.dir/Core/Src/usart.c.obj
                0x08001c78                HAL_UART_MspInit
 .text.Reset_Handler
                0x08001dcc       0x48 CMakeFiles/Hal_Code.elf.dir/Core/Startup/startup_stm32f103zetx.s.obj
                0x08001dcc                Reset_Handler
 .text.Default_Handler
                0x08001e14        0x2 CMakeFiles/Hal_Code.elf.dir/Core/Startup/startup_stm32f103zetx.s.obj
                0x08001e14                RTC_Alarm_IRQHandler
                0x08001e14                TIM8_TRG_COM_IRQHandler
                0x08001e14                TIM8_CC_IRQHandler
                0x08001e14                TIM1_CC_IRQHandler
                0x08001e14                PVD_IRQHandler
                0x08001e14                SDIO_IRQHandler
                0x08001e14                I2C2_EV_IRQHandler
                0x08001e14                ADC1_2_IRQHandler
                0x08001e14                SPI1_IRQHandler
                0x08001e14                TAMPER_IRQHandler
                0x08001e14                TIM8_UP_IRQHandler
                0x08001e14                DMA2_Channel2_IRQHandler
                0x08001e14                DMA1_Channel4_IRQHandler
                0x08001e14                USART3_IRQHandler
                0x08001e14                RTC_IRQHandler
                0x08001e14                CAN1_RX1_IRQHandler
                0x08001e14                UART5_IRQHandler
                0x08001e14                ADC3_IRQHandler
                0x08001e14                TIM4_IRQHandler
                0x08001e14                DMA2_Channel1_IRQHandler
                0x08001e14                I2C1_EV_IRQHandler
                0x08001e14                UART4_IRQHandler
                0x08001e14                RCC_IRQHandler
                0x08001e14                TIM1_TRG_COM_IRQHandler
                0x08001e14                DMA1_Channel1_IRQHandler
                0x08001e14                Default_Handler
                0x08001e14                EXTI15_10_IRQHandler
                0x08001e14                TIM5_IRQHandler
                0x08001e14                EXTI9_5_IRQHandler
                0x08001e14                SPI2_IRQHandler
                0x08001e14                DMA1_Channel5_IRQHandler
                0x08001e14                EXTI4_IRQHandler
                0x08001e14                USB_LP_CAN1_RX0_IRQHandler
                0x08001e14                USB_HP_CAN1_TX_IRQHandler
                0x08001e14                DMA1_Channel3_IRQHandler
                0x08001e14                FSMC_IRQHandler
                0x08001e14                TIM1_UP_IRQHandler
                0x08001e14                WWDG_IRQHandler
                0x08001e14                TIM1_BRK_IRQHandler
                0x08001e14                DMA2_Channel4_5_IRQHandler
                0x08001e14                I2C2_ER_IRQHandler
                0x08001e14                DMA1_Channel2_IRQHandler
                0x08001e14                TIM8_BRK_IRQHandler
                0x08001e14                CAN1_SCE_IRQHandler
                0x08001e14                FLASH_IRQHandler
                0x08001e14                USART1_IRQHandler
                0x08001e14                SPI3_IRQHandler
                0x08001e14                I2C1_ER_IRQHandler
                0x08001e14                USBWakeUp_IRQHandler
                0x08001e14                DMA2_Channel3_IRQHandler
 *fill*         0x08001e16        0x2 
 .text.HAL_Init
                0x08001e18       0x24 CMakeFiles/Hal_Code.elf.dir/Drivers/STM32F1xx_HAL_Driver/Src/stm32f1xx_hal.c.obj
                0x08001e18                HAL_Init
 .text.HAL_IncTick
                0x08001e3c       0x18 CMakeFiles/Hal_Code.elf.dir/Drivers/STM32F1xx_HAL_Driver/Src/stm32f1xx_hal.c.obj
                0x08001e3c                HAL_IncTick
 .text.HAL_GetTick
                0x08001e54        0xc CMakeFiles/Hal_Code.elf.dir/Drivers/STM32F1xx_HAL_Driver/Src/stm32f1xx_hal.c.obj
                0x08001e54                HAL_GetTick
 .text.HAL_NVIC_SetPriorityGrouping
                0x08001e60       0x3c CMakeFiles/Hal_Code.elf.dir/Drivers/STM32F1xx_HAL_Driver/Src/stm32f1xx_hal_cortex.c.obj
                0x08001e60                HAL_NVIC_SetPriorityGrouping
 .text.HAL_NVIC_SetPriority
                0x08001e9c       0x8c CMakeFiles/Hal_Code.elf.dir/Drivers/STM32F1xx_HAL_Driver/Src/stm32f1xx_hal_cortex.c.obj
                0x08001e9c                HAL_NVIC_SetPriority
 .text.HAL_NVIC_EnableIRQ
                0x08001f28       0x30 CMakeFiles/Hal_Code.elf.dir/Drivers/STM32F1xx_HAL_Driver/Src/stm32f1xx_hal_cortex.c.obj
                0x08001f28                HAL_NVIC_EnableIRQ
 .text.HAL_DMA_Init
                0x08001f58      0x198 CMakeFiles/Hal_Code.elf.dir/Drivers/STM32F1xx_HAL_Driver/Src/stm32f1xx_hal_dma.c.obj
                0x08001f58                HAL_DMA_Init
 .text.HAL_DMA_Abort
                0x080020f0       0x46 CMakeFiles/Hal_Code.elf.dir/Drivers/STM32F1xx_HAL_Driver/Src/stm32f1xx_hal_dma.c.obj
                0x080020f0                HAL_DMA_Abort
 *fill*         0x08002136        0x2 
 .text.HAL_DMA_Abort_IT
                0x08002138      0x16c CMakeFiles/Hal_Code.elf.dir/Drivers/STM32F1xx_HAL_Driver/Src/stm32f1xx_hal_dma.c.obj
                0x08002138                HAL_DMA_Abort_IT
 .text.HAL_DMA_IRQHandler
                0x080022a4      0x2ec CMakeFiles/Hal_Code.elf.dir/Drivers/STM32F1xx_HAL_Driver/Src/stm32f1xx_hal_dma.c.obj
                0x080022a4                HAL_DMA_IRQHandler
 .text.HAL_GPIO_Init
                0x08002590      0x3b0 CMakeFiles/Hal_Code.elf.dir/Drivers/STM32F1xx_HAL_Driver/Src/stm32f1xx_hal_gpio.c.obj
                0x08002590                HAL_GPIO_Init
 .text.HAL_GPIO_ReadPin
                0x08002940       0x28 CMakeFiles/Hal_Code.elf.dir/Drivers/STM32F1xx_HAL_Driver/Src/stm32f1xx_hal_gpio.c.obj
                0x08002940                HAL_GPIO_ReadPin
 .text.HAL_GPIO_WritePin
                0x08002968       0x38 CMakeFiles/Hal_Code.elf.dir/Drivers/STM32F1xx_HAL_Driver/Src/stm32f1xx_hal_gpio.c.obj
                0x08002968                HAL_GPIO_WritePin
 .text.HAL_GPIO_TogglePin
                0x080029a0       0x2c CMakeFiles/Hal_Code.elf.dir/Drivers/STM32F1xx_HAL_Driver/Src/stm32f1xx_hal_gpio.c.obj
                0x080029a0                HAL_GPIO_TogglePin
 .text.HAL_GPIO_EXTI_Callback
                0x080029cc        0x2 CMakeFiles/Hal_Code.elf.dir/Drivers/STM32F1xx_HAL_Driver/Src/stm32f1xx_hal_gpio.c.obj
                0x080029cc                HAL_GPIO_EXTI_Callback
 *fill*         0x080029ce        0x2 
 .text.HAL_GPIO_EXTI_IRQHandler
                0x080029d0       0x1c CMakeFiles/Hal_Code.elf.dir/Drivers/STM32F1xx_HAL_Driver/Src/stm32f1xx_hal_gpio.c.obj
                0x080029d0                HAL_GPIO_EXTI_IRQHandler
 .text.RCC_Delay
                0x080029ec       0x2c CMakeFiles/Hal_Code.elf.dir/Drivers/STM32F1xx_HAL_Driver/Src/stm32f1xx_hal_rcc.c.obj
 .text.HAL_RCC_OscConfig
                0x08002a18      0x548 CMakeFiles/Hal_Code.elf.dir/Drivers/STM32F1xx_HAL_Driver/Src/stm32f1xx_hal_rcc.c.obj
                0x08002a18                HAL_RCC_OscConfig
 .text.HAL_RCC_EnableCSS
                0x08002f60        0xc CMakeFiles/Hal_Code.elf.dir/Drivers/STM32F1xx_HAL_Driver/Src/stm32f1xx_hal_rcc.c.obj
                0x08002f60                HAL_RCC_EnableCSS
 .text.HAL_RCC_GetSysClockFreq
                0x08002f6c       0x54 CMakeFiles/Hal_Code.elf.dir/Drivers/STM32F1xx_HAL_Driver/Src/stm32f1xx_hal_rcc.c.obj
                0x08002f6c                HAL_RCC_GetSysClockFreq
 .text.HAL_RCC_ClockConfig
                0x08002fc0      0x228 CMakeFiles/Hal_Code.elf.dir/Drivers/STM32F1xx_HAL_Driver/Src/stm32f1xx_hal_rcc.c.obj
                0x08002fc0                HAL_RCC_ClockConfig
 .text.HAL_RCC_GetHCLKFreq
                0x080031e8        0xc CMakeFiles/Hal_Code.elf.dir/Drivers/STM32F1xx_HAL_Driver/Src/stm32f1xx_hal_rcc.c.obj
                0x080031e8                HAL_RCC_GetHCLKFreq
 .text.HAL_RCC_GetPCLK1Freq
                0x080031f4       0x20 CMakeFiles/Hal_Code.elf.dir/Drivers/STM32F1xx_HAL_Driver/Src/stm32f1xx_hal_rcc.c.obj
                0x080031f4                HAL_RCC_GetPCLK1Freq
 .text.HAL_RCC_GetPCLK2Freq
                0x08003214       0x20 CMakeFiles/Hal_Code.elf.dir/Drivers/STM32F1xx_HAL_Driver/Src/stm32f1xx_hal_rcc.c.obj
                0x08003214                HAL_RCC_GetPCLK2Freq
 .text.HAL_RCC_GetClockConfig
                0x08003234       0x64 CMakeFiles/Hal_Code.elf.dir/Drivers/STM32F1xx_HAL_Driver/Src/stm32f1xx_hal_rcc.c.obj
                0x08003234                HAL_RCC_GetClockConfig
 .text.HAL_RCC_CSSCallback
                0x08003298        0x2 CMakeFiles/Hal_Code.elf.dir/Drivers/STM32F1xx_HAL_Driver/Src/stm32f1xx_hal_rcc.c.obj
                0x08003298                HAL_RCC_CSSCallback
 *fill*         0x0800329a        0x2 
 .text.HAL_RCC_NMI_IRQHandler
                0x0800329c       0x20 CMakeFiles/Hal_Code.elf.dir/Drivers/STM32F1xx_HAL_Driver/Src/stm32f1xx_hal_rcc.c.obj
                0x0800329c                HAL_RCC_NMI_IRQHandler
 .text.HAL_SRAM_Init
                0x080032bc       0x64 CMakeFiles/Hal_Code.elf.dir/Drivers/STM32F1xx_HAL_Driver/Src/stm32f1xx_hal_sram.c.obj
                0x080032bc                HAL_SRAM_Init
 .text.TIM_TI1_ConfigInputStage
                0x08003320       0x24 CMakeFiles/Hal_Code.elf.dir/Drivers/STM32F1xx_HAL_Driver/Src/stm32f1xx_hal_tim.c.obj
 .text.TIM_TI2_ConfigInputStage
                0x08003344       0x26 CMakeFiles/Hal_Code.elf.dir/Drivers/STM32F1xx_HAL_Driver/Src/stm32f1xx_hal_tim.c.obj
 .text.TIM_ITRx_SetConfig
                0x0800336a       0x10 CMakeFiles/Hal_Code.elf.dir/Drivers/STM32F1xx_HAL_Driver/Src/stm32f1xx_hal_tim.c.obj
 *fill*         0x0800337a        0x2 
 .text.TIM_OC1_SetConfig
                0x0800337c       0xb4 CMakeFiles/Hal_Code.elf.dir/Drivers/STM32F1xx_HAL_Driver/Src/stm32f1xx_hal_tim.c.obj
 .text.TIM_OC3_SetConfig
                0x08003430       0xbc CMakeFiles/Hal_Code.elf.dir/Drivers/STM32F1xx_HAL_Driver/Src/stm32f1xx_hal_tim.c.obj
 .text.TIM_OC4_SetConfig
                0x080034ec       0x74 CMakeFiles/Hal_Code.elf.dir/Drivers/STM32F1xx_HAL_Driver/Src/stm32f1xx_hal_tim.c.obj
 .text.HAL_TIM_Base_Start_IT
                0x08003560       0xc8 CMakeFiles/Hal_Code.elf.dir/Drivers/STM32F1xx_HAL_Driver/Src/stm32f1xx_hal_tim.c.obj
                0x08003560                HAL_TIM_Base_Start_IT
 .text.HAL_TIM_PWM_MspInit
                0x08003628        0x2 CMakeFiles/Hal_Code.elf.dir/Drivers/STM32F1xx_HAL_Driver/Src/stm32f1xx_hal_tim.c.obj
                0x08003628                HAL_TIM_PWM_MspInit
 .text.HAL_TIM_OC_DelayElapsedCallback
                0x0800362a        0x2 CMakeFiles/Hal_Code.elf.dir/Drivers/STM32F1xx_HAL_Driver/Src/stm32f1xx_hal_tim.c.obj
                0x0800362a                HAL_TIM_OC_DelayElapsedCallback
 .text.HAL_TIM_IC_CaptureCallback
                0x0800362c        0x2 CMakeFiles/Hal_Code.elf.dir/Drivers/STM32F1xx_HAL_Driver/Src/stm32f1xx_hal_tim.c.obj
                0x0800362c                HAL_TIM_IC_CaptureCallback
 .text.HAL_TIM_PWM_PulseFinishedCallback
                0x0800362e        0x2 CMakeFiles/Hal_Code.elf.dir/Drivers/STM32F1xx_HAL_Driver/Src/stm32f1xx_hal_tim.c.obj
                0x0800362e                HAL_TIM_PWM_PulseFinishedCallback
 .text.HAL_TIM_TriggerCallback
                0x08003630        0x2 CMakeFiles/Hal_Code.elf.dir/Drivers/STM32F1xx_HAL_Driver/Src/stm32f1xx_hal_tim.c.obj
                0x08003630                HAL_TIM_TriggerCallback
 .text.HAL_TIM_IRQHandler
                0x08003632      0x17a CMakeFiles/Hal_Code.elf.dir/Drivers/STM32F1xx_HAL_Driver/Src/stm32f1xx_hal_tim.c.obj
                0x08003632                HAL_TIM_IRQHandler
 .text.TIM_Base_SetConfig
                0x080037ac       0x98 CMakeFiles/Hal_Code.elf.dir/Drivers/STM32F1xx_HAL_Driver/Src/stm32f1xx_hal_tim.c.obj
                0x080037ac                TIM_Base_SetConfig
 .text.HAL_TIM_Base_Init
                0x08003844      0x118 CMakeFiles/Hal_Code.elf.dir/Drivers/STM32F1xx_HAL_Driver/Src/stm32f1xx_hal_tim.c.obj
                0x08003844                HAL_TIM_Base_Init
 .text.HAL_TIM_PWM_Init
                0x0800395c      0x118 CMakeFiles/Hal_Code.elf.dir/Drivers/STM32F1xx_HAL_Driver/Src/stm32f1xx_hal_tim.c.obj
                0x0800395c                HAL_TIM_PWM_Init
 .text.TIM_OC2_SetConfig
                0x08003a74       0xc0 CMakeFiles/Hal_Code.elf.dir/Drivers/STM32F1xx_HAL_Driver/Src/stm32f1xx_hal_tim.c.obj
                0x08003a74                TIM_OC2_SetConfig
 .text.HAL_TIM_PWM_ConfigChannel
                0x08003b34      0x23c CMakeFiles/Hal_Code.elf.dir/Drivers/STM32F1xx_HAL_Driver/Src/stm32f1xx_hal_tim.c.obj
                0x08003b34                HAL_TIM_PWM_ConfigChannel
 .text.TIM_ETR_SetConfig
                0x08003d70       0x18 CMakeFiles/Hal_Code.elf.dir/Drivers/STM32F1xx_HAL_Driver/Src/stm32f1xx_hal_tim.c.obj
                0x08003d70                TIM_ETR_SetConfig
 .text.HAL_TIM_ConfigClockSource
                0x08003d88      0x458 CMakeFiles/Hal_Code.elf.dir/Drivers/STM32F1xx_HAL_Driver/Src/stm32f1xx_hal_tim.c.obj
                0x08003d88                HAL_TIM_ConfigClockSource
 .text.HAL_TIMEx_MasterConfigSynchronization
                0x080041e0      0x108 CMakeFiles/Hal_Code.elf.dir/Drivers/STM32F1xx_HAL_Driver/Src/stm32f1xx_hal_tim_ex.c.obj
                0x080041e0                HAL_TIMEx_MasterConfigSynchronization
 .text.HAL_TIMEx_ConfigBreakDeadTime
                0x080042e8      0x124 CMakeFiles/Hal_Code.elf.dir/Drivers/STM32F1xx_HAL_Driver/Src/stm32f1xx_hal_tim_ex.c.obj
                0x080042e8                HAL_TIMEx_ConfigBreakDeadTime
 .text.HAL_TIMEx_CommutCallback
                0x0800440c        0x2 CMakeFiles/Hal_Code.elf.dir/Drivers/STM32F1xx_HAL_Driver/Src/stm32f1xx_hal_tim_ex.c.obj
                0x0800440c                HAL_TIMEx_CommutCallback
 .text.HAL_TIMEx_BreakCallback
                0x0800440e        0x2 CMakeFiles/Hal_Code.elf.dir/Drivers/STM32F1xx_HAL_Driver/Src/stm32f1xx_hal_tim_ex.c.obj
                0x0800440e                HAL_TIMEx_BreakCallback
 .text.UART_EndRxTransfer
                0x08004410       0x5c CMakeFiles/Hal_Code.elf.dir/Drivers/STM32F1xx_HAL_Driver/Src/stm32f1xx_hal_uart.c.obj
 .text.UART_Transmit_IT
                0x0800446c       0x60 CMakeFiles/Hal_Code.elf.dir/Drivers/STM32F1xx_HAL_Driver/Src/stm32f1xx_hal_uart.c.obj
 .text.UART_SetConfig
                0x080044cc       0xf8 CMakeFiles/Hal_Code.elf.dir/Drivers/STM32F1xx_HAL_Driver/Src/stm32f1xx_hal_uart.c.obj
 .text.UART_WaitOnFlagUntilTimeout
                0x080045c4       0x88 CMakeFiles/Hal_Code.elf.dir/Drivers/STM32F1xx_HAL_Driver/Src/stm32f1xx_hal_uart.c.obj
 .text.HAL_UART_Init
                0x0800464c       0xfc CMakeFiles/Hal_Code.elf.dir/Drivers/STM32F1xx_HAL_Driver/Src/stm32f1xx_hal_uart.c.obj
                0x0800464c                HAL_UART_Init
 .text.HAL_UART_Transmit
                0x08004748       0xbe CMakeFiles/Hal_Code.elf.dir/Drivers/STM32F1xx_HAL_Driver/Src/stm32f1xx_hal_uart.c.obj
                0x08004748                HAL_UART_Transmit
 .text.HAL_UART_TxCpltCallback
                0x08004806        0x2 CMakeFiles/Hal_Code.elf.dir/Drivers/STM32F1xx_HAL_Driver/Src/stm32f1xx_hal_uart.c.obj
                0x08004806                HAL_UART_TxCpltCallback
 .text.UART_EndTransmit_IT
                0x08004808       0x1a CMakeFiles/Hal_Code.elf.dir/Drivers/STM32F1xx_HAL_Driver/Src/stm32f1xx_hal_uart.c.obj
 .text.HAL_UART_RxCpltCallback
                0x08004822        0x2 CMakeFiles/Hal_Code.elf.dir/Drivers/STM32F1xx_HAL_Driver/Src/stm32f1xx_hal_uart.c.obj
                0x08004822                HAL_UART_RxCpltCallback
 .text.HAL_UART_ErrorCallback
                0x08004824        0x2 CMakeFiles/Hal_Code.elf.dir/Drivers/STM32F1xx_HAL_Driver/Src/stm32f1xx_hal_uart.c.obj
                0x08004824                HAL_UART_ErrorCallback
 .text.UART_DMAAbortOnError
                0x08004826       0x10 CMakeFiles/Hal_Code.elf.dir/Drivers/STM32F1xx_HAL_Driver/Src/stm32f1xx_hal_uart.c.obj
 .text.HAL_UARTEx_RxEventCallback
                0x08004836        0x2 CMakeFiles/Hal_Code.elf.dir/Drivers/STM32F1xx_HAL_Driver/Src/stm32f1xx_hal_uart.c.obj
                0x08004836                HAL_UARTEx_RxEventCallback
 .text.UART_Receive_IT
                0x08004838       0xe6 CMakeFiles/Hal_Code.elf.dir/Drivers/STM32F1xx_HAL_Driver/Src/stm32f1xx_hal_uart.c.obj
 *fill*         0x0800491e        0x2 
 .text.HAL_UART_IRQHandler
                0x08004920      0x288 CMakeFiles/Hal_Code.elf.dir/Drivers/STM32F1xx_HAL_Driver/Src/stm32f1xx_hal_uart.c.obj
                0x08004920                HAL_UART_IRQHandler
 .text.FSMC_NORSRAM_Init
                0x08004ba8      0x1b0 CMakeFiles/Hal_Code.elf.dir/Drivers/STM32F1xx_HAL_Driver/Src/stm32f1xx_ll_fsmc.c.obj
                0x08004ba8                FSMC_NORSRAM_Init
 .text.FSMC_NORSRAM_Timing_Init
                0x08004d58      0x108 CMakeFiles/Hal_Code.elf.dir/Drivers/STM32F1xx_HAL_Driver/Src/stm32f1xx_ll_fsmc.c.obj
                0x08004d58                FSMC_NORSRAM_Timing_Init
 .text.FSMC_NORSRAM_Extended_Timing_Init
                0x08004e60       0xfc CMakeFiles/Hal_Code.elf.dir/Drivers/STM32F1xx_HAL_Driver/Src/stm32f1xx_ll_fsmc.c.obj
                0x08004e60                FSMC_NORSRAM_Extended_Timing_Init
 .text.makeFreeRtosPriority
                0x08004f5c        0xc CMakeFiles/Hal_Code.elf.dir/Middlewares/Third_Party/FreeRTOS/Source/CMSIS_RTOS/cmsis_os.c.obj
 .text.osKernelStart
                0x08004f68        0xa CMakeFiles/Hal_Code.elf.dir/Middlewares/Third_Party/FreeRTOS/Source/CMSIS_RTOS/cmsis_os.c.obj
                0x08004f68                osKernelStart
 .text.osThreadCreate
                0x08004f72       0x34 CMakeFiles/Hal_Code.elf.dir/Middlewares/Third_Party/FreeRTOS/Source/CMSIS_RTOS/cmsis_os.c.obj
                0x08004f72                osThreadCreate
 .text.osDelay  0x08004fa6        0xe CMakeFiles/Hal_Code.elf.dir/Middlewares/Third_Party/FreeRTOS/Source/CMSIS_RTOS/cmsis_os.c.obj
                0x08004fa6                osDelay
 .text.vListInitialise
                0x08004fb4       0x16 CMakeFiles/Hal_Code.elf.dir/Middlewares/Third_Party/FreeRTOS/Source/list.c.obj
                0x08004fb4                vListInitialise
 .text.vListInitialiseItem
                0x08004fca        0x6 CMakeFiles/Hal_Code.elf.dir/Middlewares/Third_Party/FreeRTOS/Source/list.c.obj
                0x08004fca                vListInitialiseItem
 .text.vListInsertEnd
                0x08004fd0       0x16 CMakeFiles/Hal_Code.elf.dir/Middlewares/Third_Party/FreeRTOS/Source/list.c.obj
                0x08004fd0                vListInsertEnd
 .text.vListInsert
                0x08004fe6       0x32 CMakeFiles/Hal_Code.elf.dir/Middlewares/Third_Party/FreeRTOS/Source/list.c.obj
                0x08004fe6                vListInsert
 .text.uxListRemove
                0x08005018       0x26 CMakeFiles/Hal_Code.elf.dir/Middlewares/Third_Party/FreeRTOS/Source/list.c.obj
                0x08005018                uxListRemove
 *fill*         0x0800503e        0x2 
 .text.prvTaskExitError
                0x08005040       0x40 CMakeFiles/Hal_Code.elf.dir/Middlewares/Third_Party/FreeRTOS/Source/portable/GCC/ARM_CM3/port.c.obj
 .text.prvPortStartFirstTask
                0x08005080       0x20 CMakeFiles/Hal_Code.elf.dir/Middlewares/Third_Party/FreeRTOS/Source/portable/GCC/ARM_CM3/port.c.obj
 .text.pxPortInitialiseStack
                0x080050a0       0x24 CMakeFiles/Hal_Code.elf.dir/Middlewares/Third_Party/FreeRTOS/Source/portable/GCC/ARM_CM3/port.c.obj
                0x080050a0                pxPortInitialiseStack
 *fill*         0x080050c4        0xc 
 .text.SVC_Handler
                0x080050d0       0x24 CMakeFiles/Hal_Code.elf.dir/Middlewares/Third_Party/FreeRTOS/Source/portable/GCC/ARM_CM3/port.c.obj
                0x080050d0                SVC_Handler
 .text.vPortEnterCritical
                0x080050f4       0x44 CMakeFiles/Hal_Code.elf.dir/Middlewares/Third_Party/FreeRTOS/Source/portable/GCC/ARM_CM3/port.c.obj
                0x080050f4                vPortEnterCritical
 .text.vPortExitCritical
                0x08005138       0x2c CMakeFiles/Hal_Code.elf.dir/Middlewares/Third_Party/FreeRTOS/Source/portable/GCC/ARM_CM3/port.c.obj
                0x08005138                vPortExitCritical
 *fill*         0x08005164        0xc 
 .text.PendSV_Handler
                0x08005170       0x44 CMakeFiles/Hal_Code.elf.dir/Middlewares/Third_Party/FreeRTOS/Source/portable/GCC/ARM_CM3/port.c.obj
                0x08005170                PendSV_Handler
 .text.SysTick_Handler
                0x080051b4       0x2c CMakeFiles/Hal_Code.elf.dir/Middlewares/Third_Party/FreeRTOS/Source/portable/GCC/ARM_CM3/port.c.obj
                0x080051b4                SysTick_Handler
 .text.vPortSetupTimerInterrupt
                0x080051e0       0x28 CMakeFiles/Hal_Code.elf.dir/Middlewares/Third_Party/FreeRTOS/Source/portable/GCC/ARM_CM3/port.c.obj
                0x080051e0                vPortSetupTimerInterrupt
 .text.xPortStartScheduler
                0x08005208       0xc0 CMakeFiles/Hal_Code.elf.dir/Middlewares/Third_Party/FreeRTOS/Source/portable/GCC/ARM_CM3/port.c.obj
                0x08005208                xPortStartScheduler
 .text.prvHeapInit
                0x080052c8       0x64 CMakeFiles/Hal_Code.elf.dir/Middlewares/Third_Party/FreeRTOS/Source/portable/MemMang/heap_4.c.obj
 .text.prvInsertBlockIntoFreeList
                0x0800532c       0x60 CMakeFiles/Hal_Code.elf.dir/Middlewares/Third_Party/FreeRTOS/Source/portable/MemMang/heap_4.c.obj
 .text.pvPortMalloc
                0x0800538c       0xf0 CMakeFiles/Hal_Code.elf.dir/Middlewares/Third_Party/FreeRTOS/Source/portable/MemMang/heap_4.c.obj
                0x0800538c                pvPortMalloc
 .text.vPortFree
                0x0800547c       0x70 CMakeFiles/Hal_Code.elf.dir/Middlewares/Third_Party/FreeRTOS/Source/portable/MemMang/heap_4.c.obj
                0x0800547c                vPortFree
 .text.prvIsQueueFull
                0x080054ec       0x1e CMakeFiles/Hal_Code.elf.dir/Middlewares/Third_Party/FreeRTOS/Source/queue.c.obj
 .text.prvIsQueueEmpty
                0x0800550a       0x1a CMakeFiles/Hal_Code.elf.dir/Middlewares/Third_Party/FreeRTOS/Source/queue.c.obj
 .text.prvCopyDataToQueue
                0x08005524       0x76 CMakeFiles/Hal_Code.elf.dir/Middlewares/Third_Party/FreeRTOS/Source/queue.c.obj
 .text.prvCopyDataFromQueue
                0x0800559a       0x24 CMakeFiles/Hal_Code.elf.dir/Middlewares/Third_Party/FreeRTOS/Source/queue.c.obj
 .text.prvUnlockQueue
                0x080055be       0x6e CMakeFiles/Hal_Code.elf.dir/Middlewares/Third_Party/FreeRTOS/Source/queue.c.obj
 .text.xQueueGenericReset
                0x0800562c       0x84 CMakeFiles/Hal_Code.elf.dir/Middlewares/Third_Party/FreeRTOS/Source/queue.c.obj
                0x0800562c                xQueueGenericReset
 .text.prvInitialiseNewQueue
                0x080056b0       0x22 CMakeFiles/Hal_Code.elf.dir/Middlewares/Third_Party/FreeRTOS/Source/queue.c.obj
 .text.xQueueGenericCreate
                0x080056d2       0x48 CMakeFiles/Hal_Code.elf.dir/Middlewares/Third_Party/FreeRTOS/Source/queue.c.obj
                0x080056d2                xQueueGenericCreate
 .text.xQueueGenericSend
                0x0800571a      0x188 CMakeFiles/Hal_Code.elf.dir/Middlewares/Third_Party/FreeRTOS/Source/queue.c.obj
                0x0800571a                xQueueGenericSend
 .text.xQueueReceive
                0x080058a2      0x15e CMakeFiles/Hal_Code.elf.dir/Middlewares/Third_Party/FreeRTOS/Source/queue.c.obj
                0x080058a2                xQueueReceive
 .text.prvTaskCheckFreeStackSpace
                0x08005a00       0x14 CMakeFiles/Hal_Code.elf.dir/Middlewares/Third_Party/FreeRTOS/Source/tasks.c.obj
 .text.prvResetNextTaskUnblockTime
                0x08005a14       0x2c CMakeFiles/Hal_Code.elf.dir/Middlewares/Third_Party/FreeRTOS/Source/tasks.c.obj
 .text.prvInitialiseNewTask
                0x08005a40       0xfc CMakeFiles/Hal_Code.elf.dir/Middlewares/Third_Party/FreeRTOS/Source/tasks.c.obj
 .text.prvInitialiseTaskLists
                0x08005b3c       0x68 CMakeFiles/Hal_Code.elf.dir/Middlewares/Third_Party/FreeRTOS/Source/tasks.c.obj
 .text.prvAddNewTaskToReadyList
                0x08005ba4       0xac CMakeFiles/Hal_Code.elf.dir/Middlewares/Third_Party/FreeRTOS/Source/tasks.c.obj
 .text.prvDeleteTCB
                0x08005c50       0x18 CMakeFiles/Hal_Code.elf.dir/Middlewares/Third_Party/FreeRTOS/Source/tasks.c.obj
 .text.prvCheckTasksWaitingTermination
                0x08005c68       0x4c CMakeFiles/Hal_Code.elf.dir/Middlewares/Third_Party/FreeRTOS/Source/tasks.c.obj
 .text.prvIdleTask
                0x08005cb4       0x28 CMakeFiles/Hal_Code.elf.dir/Middlewares/Third_Party/FreeRTOS/Source/tasks.c.obj
 .text.prvAddCurrentTaskToDelayedList
                0x08005cdc       0x98 CMakeFiles/Hal_Code.elf.dir/Middlewares/Third_Party/FreeRTOS/Source/tasks.c.obj
 .text.prvWriteNameToBuffer
                0x08005d74       0x22 CMakeFiles/Hal_Code.elf.dir/Middlewares/Third_Party/FreeRTOS/Source/tasks.c.obj
 .text.xTaskCreate
                0x08005d96       0x66 CMakeFiles/Hal_Code.elf.dir/Middlewares/Third_Party/FreeRTOS/Source/tasks.c.obj
                0x08005d96                xTaskCreate
 .text.eTaskGetState
                0x08005dfc       0x80 CMakeFiles/Hal_Code.elf.dir/Middlewares/Third_Party/FreeRTOS/Source/tasks.c.obj
                0x08005dfc                eTaskGetState
 .text.vTaskStartScheduler
                0x08005e7c       0x90 CMakeFiles/Hal_Code.elf.dir/Middlewares/Third_Party/FreeRTOS/Source/tasks.c.obj
                0x08005e7c                vTaskStartScheduler
 .text.vTaskSuspendAll
                0x08005f0c       0x10 CMakeFiles/Hal_Code.elf.dir/Middlewares/Third_Party/FreeRTOS/Source/tasks.c.obj
                0x08005f0c                vTaskSuspendAll
 .text.xTaskIncrementTick
                0x08005f1c      0x118 CMakeFiles/Hal_Code.elf.dir/Middlewares/Third_Party/FreeRTOS/Source/tasks.c.obj
                0x08005f1c                xTaskIncrementTick
 .text.xTaskResumeAll
                0x08006034       0xf8 CMakeFiles/Hal_Code.elf.dir/Middlewares/Third_Party/FreeRTOS/Source/tasks.c.obj
                0x08006034                xTaskResumeAll
 .text.vTaskDelay
                0x0800612c       0x4c CMakeFiles/Hal_Code.elf.dir/Middlewares/Third_Party/FreeRTOS/Source/tasks.c.obj
                0x0800612c                vTaskDelay
 .text.vTaskSwitchContext
                0x08006178       0xcc CMakeFiles/Hal_Code.elf.dir/Middlewares/Third_Party/FreeRTOS/Source/tasks.c.obj
                0x08006178                vTaskSwitchContext
 .text.vTaskPlaceOnEventList
                0x08006244       0x30 CMakeFiles/Hal_Code.elf.dir/Middlewares/Third_Party/FreeRTOS/Source/tasks.c.obj
                0x08006244                vTaskPlaceOnEventList
 .text.xTaskRemoveFromEventList
                0x08006274       0x8c CMakeFiles/Hal_Code.elf.dir/Middlewares/Third_Party/FreeRTOS/Source/tasks.c.obj
                0x08006274                xTaskRemoveFromEventList
 .text.vTaskInternalSetTimeOutState
                0x08006300       0x18 CMakeFiles/Hal_Code.elf.dir/Middlewares/Third_Party/FreeRTOS/Source/tasks.c.obj
                0x08006300                vTaskInternalSetTimeOutState
 .text.xTaskCheckForTimeOut
                0x08006318       0x84 CMakeFiles/Hal_Code.elf.dir/Middlewares/Third_Party/FreeRTOS/Source/tasks.c.obj
                0x08006318                xTaskCheckForTimeOut
 .text.vTaskMissedYield
                0x0800639c        0xc CMakeFiles/Hal_Code.elf.dir/Middlewares/Third_Party/FreeRTOS/Source/tasks.c.obj
                0x0800639c                vTaskMissedYield
 .text.vTaskGetInfo
                0x080063a8       0x78 CMakeFiles/Hal_Code.elf.dir/Middlewares/Third_Party/FreeRTOS/Source/tasks.c.obj
                0x080063a8                vTaskGetInfo
 .text.prvListTasksWithinSingleList
                0x08006420       0x5e CMakeFiles/Hal_Code.elf.dir/Middlewares/Third_Party/FreeRTOS/Source/tasks.c.obj
 *fill*         0x0800647e        0x2 
 .text.uxTaskGetSystemState
                0x08006480       0xb0 CMakeFiles/Hal_Code.elf.dir/Middlewares/Third_Party/FreeRTOS/Source/tasks.c.obj
                0x08006480                uxTaskGetSystemState
 .text.xTaskGetSchedulerState
                0x08006530       0x20 CMakeFiles/Hal_Code.elf.dir/Middlewares/Third_Party/FreeRTOS/Source/tasks.c.obj
                0x08006530                xTaskGetSchedulerState
 .text.xTaskPriorityDisinherit
                0x08006550       0xb4 CMakeFiles/Hal_Code.elf.dir/Middlewares/Third_Party/FreeRTOS/Source/tasks.c.obj
                0x08006550                xTaskPriorityDisinherit
 .text.vTaskList
                0x08006604       0xe0 CMakeFiles/Hal_Code.elf.dir/Middlewares/Third_Party/FreeRTOS/Source/tasks.c.obj
                0x08006604                vTaskList
 .text.vTaskGetRunTimeStats
                0x080066e4       0xc8 CMakeFiles/Hal_Code.elf.dir/Middlewares/Third_Party/FreeRTOS/Source/tasks.c.obj
                0x080066e4                vTaskGetRunTimeStats
 .text.GetKeyCode
                0x080067ac       0x9c CMakeFiles/Hal_Code.elf.dir/MyApplication/KEY.c.obj
 .text.LED_Flip
                0x08006848       0x3c CMakeFiles/Hal_Code.elf.dir/MyApplication/LED.c.obj
 .text.LED_OFF  0x08006884       0x44 CMakeFiles/Hal_Code.elf.dir/MyApplication/LED.c.obj
 .text.LED_ON   0x080068c8       0x44 CMakeFiles/Hal_Code.elf.dir/MyApplication/LED.c.obj
 .text.Peripheral_Set
                0x0800690c       0x54 CMakeFiles/Hal_Code.elf.dir/MyApplication/MyInit.c.obj
 .text.__io_putchar
                0x08006960       0x20 CMakeFiles/Hal_Code.elf.dir/MyApplication/Public.c.obj
                0x08006960                __io_putchar
 .text.Run      0x08006980        0x2 CMakeFiles/Hal_Code.elf.dir/MyApplication/System.c.obj
 .text.Assert_Failed
                0x08006982        0x2 CMakeFiles/Hal_Code.elf.dir/MyApplication/System.c.obj
 .text.__errno  0x08006984        0xc e:/01-app_install_file/16-stm32cubemx6_5/gun_arm/bin/../lib/gcc/arm-none-eabi/10.3.1/../../../../arm-none-eabi/lib/thumb/v7-m/nofp\libg.a(lib_a-errno.o)
                0x08006984                __errno
 .text.__libc_init_array
                0x08006990       0x48 e:/01-app_install_file/16-stm32cubemx6_5/gun_arm/bin/../lib/gcc/arm-none-eabi/10.3.1/../../../../arm-none-eabi/lib/thumb/v7-m/nofp\libg.a(lib_a-init.o)
                0x08006990                __libc_init_array
 .text.memset   0x080069d8       0xa4 e:/01-app_install_file/16-stm32cubemx6_5/gun_arm/bin/../lib/gcc/arm-none-eabi/10.3.1/../../../../arm-none-eabi/lib/thumb/v7-m/nofp\libg.a(lib_a-memset.o)
                0x080069d8                memset
 .text.printf   0x08006a7c       0x28 e:/01-app_install_file/16-stm32cubemx6_5/gun_arm/bin/../lib/gcc/arm-none-eabi/10.3.1/../../../../arm-none-eabi/lib/thumb/v7-m/nofp\libg.a(lib_a-printf.o)
                0x08006a7c                printf
 .text._puts_r  0x08006aa4       0x9c e:/01-app_install_file/16-stm32cubemx6_5/gun_arm/bin/../lib/gcc/arm-none-eabi/10.3.1/../../../../arm-none-eabi/lib/thumb/v7-m/nofp\libg.a(lib_a-puts.o)
                0x08006aa4                _puts_r
 .text.puts     0x08006b40       0x10 e:/01-app_install_file/16-stm32cubemx6_5/gun_arm/bin/../lib/gcc/arm-none-eabi/10.3.1/../../../../arm-none-eabi/lib/thumb/v7-m/nofp\libg.a(lib_a-puts.o)
                0x08006b40                puts
 .text.cleanup_glue
                0x08006b50       0x48 e:/01-app_install_file/16-stm32cubemx6_5/gun_arm/bin/../lib/gcc/arm-none-eabi/10.3.1/../../../../arm-none-eabi/lib/thumb/v7-m/nofp\libg.a(lib_a-reent.o)
                0x08006b50                cleanup_glue
 .text._reclaim_reent
                0x08006b98       0x90 e:/01-app_install_file/16-stm32cubemx6_5/gun_arm/bin/../lib/gcc/arm-none-eabi/10.3.1/../../../../arm-none-eabi/lib/thumb/v7-m/nofp\libg.a(lib_a-reent.o)
                0x08006b98                _reclaim_reent
 .text.sprintf  0x08006c28       0x44 e:/01-app_install_file/16-stm32cubemx6_5/gun_arm/bin/../lib/gcc/arm-none-eabi/10.3.1/../../../../arm-none-eabi/lib/thumb/v7-m/nofp\libg.a(lib_a-sprintf.o)
                0x08006c28                sprintf
 .text.strcpy   0x08006c6c       0xbc e:/01-app_install_file/16-stm32cubemx6_5/gun_arm/bin/../lib/gcc/arm-none-eabi/10.3.1/../../../../arm-none-eabi/lib/thumb/v7-m/nofp\libg.a(lib_a-strcpy.o)
                0x08006c6c                strcpy
 .text.strlen   0x08006d28       0x5c e:/01-app_install_file/16-stm32cubemx6_5/gun_arm/bin/../lib/gcc/arm-none-eabi/10.3.1/../../../../arm-none-eabi/lib/thumb/v7-m/nofp\libg.a(lib_a-strlen-stub.o)
                0x08006d28                strlen
 .text._svfprintf_r
                0x08006d84     0x1aa4 e:/01-app_install_file/16-stm32cubemx6_5/gun_arm/bin/../lib/gcc/arm-none-eabi/10.3.1/../../../../arm-none-eabi/lib/thumb/v7-m/nofp\libg.a(lib_a-svfprintf.o)
                0x08006d84                _svfprintf_r
 .text._vfprintf_r
                0x08008828     0x1b58 e:/01-app_install_file/16-stm32cubemx6_5/gun_arm/bin/../lib/gcc/arm-none-eabi/10.3.1/../../../../arm-none-eabi/lib/thumb/v7-m/nofp\libg.a(lib_a-vfprintf.o)
                0x08008828                _vfprintf_r
 .text.__sbprintf
                0x0800a380       0x84 e:/01-app_install_file/16-stm32cubemx6_5/gun_arm/bin/../lib/gcc/arm-none-eabi/10.3.1/../../../../arm-none-eabi/lib/thumb/v7-m/nofp\libg.a(lib_a-vfprintf.o)
 .text.__swsetup_r
                0x0800a404       0xd4 e:/01-app_install_file/16-stm32cubemx6_5/gun_arm/bin/../lib/gcc/arm-none-eabi/10.3.1/../../../../arm-none-eabi/lib/thumb/v7-m/nofp\libg.a(lib_a-wsetup.o)
                0x0800a404                __swsetup_r
 .text.startup.register_fini
                0x0800a4d8       0x14 e:/01-app_install_file/16-stm32cubemx6_5/gun_arm/bin/../lib/gcc/arm-none-eabi/10.3.1/../../../../arm-none-eabi/lib/thumb/v7-m/nofp\libg.a(lib_a-__call_atexit.o)
 .text.atexit   0x0800a4ec        0xc e:/01-app_install_file/16-stm32cubemx6_5/gun_arm/bin/../lib/gcc/arm-none-eabi/10.3.1/../../../../arm-none-eabi/lib/thumb/v7-m/nofp\libg.a(lib_a-atexit.o)
                0x0800a4ec                atexit
 .text.quorem   0x0800a4f8      0x12c e:/01-app_install_file/16-stm32cubemx6_5/gun_arm/bin/../lib/gcc/arm-none-eabi/10.3.1/../../../../arm-none-eabi/lib/thumb/v7-m/nofp\libg.a(lib_a-dtoa.o)
 *fill*         0x0800a624        0x4 
 .text._dtoa_r  0x0800a628      0xecc e:/01-app_install_file/16-stm32cubemx6_5/gun_arm/bin/../lib/gcc/arm-none-eabi/10.3.1/../../../../arm-none-eabi/lib/thumb/v7-m/nofp\libg.a(lib_a-dtoa.o)
                0x0800a628                _dtoa_r
 .text.__sflush_r
                0x0800b4f4      0x124 e:/01-app_install_file/16-stm32cubemx6_5/gun_arm/bin/../lib/gcc/arm-none-eabi/10.3.1/../../../../arm-none-eabi/lib/thumb/v7-m/nofp\libg.a(lib_a-fflush.o)
                0x0800b4f4                __sflush_r
 .text._fflush_r
                0x0800b618       0x5c e:/01-app_install_file/16-stm32cubemx6_5/gun_arm/bin/../lib/gcc/arm-none-eabi/10.3.1/../../../../arm-none-eabi/lib/thumb/v7-m/nofp\libg.a(lib_a-fflush.o)
                0x0800b618                _fflush_r
 .text._cleanup_r
                0x0800b674        0xc e:/01-app_install_file/16-stm32cubemx6_5/gun_arm/bin/../lib/gcc/arm-none-eabi/10.3.1/../../../../arm-none-eabi/lib/thumb/v7-m/nofp\libg.a(lib_a-findfp.o)
                0x0800b674                _cleanup_r
 .text.__sinit  0x0800b680      0x10c e:/01-app_install_file/16-stm32cubemx6_5/gun_arm/bin/../lib/gcc/arm-none-eabi/10.3.1/../../../../arm-none-eabi/lib/thumb/v7-m/nofp\libg.a(lib_a-findfp.o)
                0x0800b680                __sinit
 .text.__sfp_lock_acquire
                0x0800b78c        0xc e:/01-app_install_file/16-stm32cubemx6_5/gun_arm/bin/../lib/gcc/arm-none-eabi/10.3.1/../../../../arm-none-eabi/lib/thumb/v7-m/nofp\libg.a(lib_a-findfp.o)
                0x0800b78c                __sfp_lock_acquire
 .text.__sfp_lock_release
                0x0800b798        0xc e:/01-app_install_file/16-stm32cubemx6_5/gun_arm/bin/../lib/gcc/arm-none-eabi/10.3.1/../../../../arm-none-eabi/lib/thumb/v7-m/nofp\libg.a(lib_a-findfp.o)
                0x0800b798                __sfp_lock_release
 .text.__libc_fini_array
                0x0800b7a4       0x2c e:/01-app_install_file/16-stm32cubemx6_5/gun_arm/bin/../lib/gcc/arm-none-eabi/10.3.1/../../../../arm-none-eabi/lib/thumb/v7-m/nofp\libg.a(lib_a-fini.o)
                0x0800b7a4                __libc_fini_array
 .text._malloc_trim_r
                0x0800b7d0       0xa0 e:/01-app_install_file/16-stm32cubemx6_5/gun_arm/bin/../lib/gcc/arm-none-eabi/10.3.1/../../../../arm-none-eabi/lib/thumb/v7-m/nofp\libg.a(lib_a-freer.o)
                0x0800b7d0                _malloc_trim_r
 .text._free_r  0x0800b870      0x200 e:/01-app_install_file/16-stm32cubemx6_5/gun_arm/bin/../lib/gcc/arm-none-eabi/10.3.1/../../../../arm-none-eabi/lib/thumb/v7-m/nofp\libg.a(lib_a-freer.o)
                0x0800b870                _free_r
 .text.__sfvwrite_r
                0x0800ba70      0x2f0 e:/01-app_install_file/16-stm32cubemx6_5/gun_arm/bin/../lib/gcc/arm-none-eabi/10.3.1/../../../../arm-none-eabi/lib/thumb/v7-m/nofp\libg.a(lib_a-fvwrite.o)
                0x0800ba70                __sfvwrite_r
 .text._fwalk_reent
                0x0800bd60       0x48 e:/01-app_install_file/16-stm32cubemx6_5/gun_arm/bin/../lib/gcc/arm-none-eabi/10.3.1/../../../../arm-none-eabi/lib/thumb/v7-m/nofp\libg.a(lib_a-fwalk.o)
                0x0800bd60                _fwalk_reent
 .text._localeconv_r
                0x0800bda8        0x8 e:/01-app_install_file/16-stm32cubemx6_5/gun_arm/bin/../lib/gcc/arm-none-eabi/10.3.1/../../../../arm-none-eabi/lib/thumb/v7-m/nofp\libg.a(lib_a-localeconv.o)
                0x0800bda8                _localeconv_r
 .text.__retarget_lock_init_recursive
                0x0800bdb0        0x4 e:/01-app_install_file/16-stm32cubemx6_5/gun_arm/bin/../lib/gcc/arm-none-eabi/10.3.1/../../../../arm-none-eabi/lib/thumb/v7-m/nofp\libg.a(lib_a-lock.o)
                0x0800bdb0                __retarget_lock_init_recursive
 .text.__retarget_lock_close_recursive
                0x0800bdb4        0x4 e:/01-app_install_file/16-stm32cubemx6_5/gun_arm/bin/../lib/gcc/arm-none-eabi/10.3.1/../../../../arm-none-eabi/lib/thumb/v7-m/nofp\libg.a(lib_a-lock.o)
                0x0800bdb4                __retarget_lock_close_recursive
 .text.__retarget_lock_acquire_recursive
                0x0800bdb8        0x4 e:/01-app_install_file/16-stm32cubemx6_5/gun_arm/bin/../lib/gcc/arm-none-eabi/10.3.1/../../../../arm-none-eabi/lib/thumb/v7-m/nofp\libg.a(lib_a-lock.o)
                0x0800bdb8                __retarget_lock_acquire_recursive
 .text.__retarget_lock_release_recursive
                0x0800bdbc        0x4 e:/01-app_install_file/16-stm32cubemx6_5/gun_arm/bin/../lib/gcc/arm-none-eabi/10.3.1/../../../../arm-none-eabi/lib/thumb/v7-m/nofp\libg.a(lib_a-lock.o)
                0x0800bdbc                __retarget_lock_release_recursive
 .text.__smakebuf_r
                0x0800bdc0       0xe0 e:/01-app_install_file/16-stm32cubemx6_5/gun_arm/bin/../lib/gcc/arm-none-eabi/10.3.1/../../../../arm-none-eabi/lib/thumb/v7-m/nofp\libg.a(lib_a-makebuf.o)
                0x0800bdc0                __smakebuf_r
 .text._malloc_r
                0x0800bea0      0x558 e:/01-app_install_file/16-stm32cubemx6_5/gun_arm/bin/../lib/gcc/arm-none-eabi/10.3.1/../../../../arm-none-eabi/lib/thumb/v7-m/nofp\libg.a(lib_a-mallocr.o)
                0x0800bea0                _malloc_r
 .text.memchr   0x0800c3f8       0x90 e:/01-app_install_file/16-stm32cubemx6_5/gun_arm/bin/../lib/gcc/arm-none-eabi/10.3.1/../../../../arm-none-eabi/lib/thumb/v7-m/nofp\libg.a(lib_a-memchr-stub.o)
                0x0800c3f8                memchr
 .text.memmove  0x0800c488       0xf8 e:/01-app_install_file/16-stm32cubemx6_5/gun_arm/bin/../lib/gcc/arm-none-eabi/10.3.1/../../../../arm-none-eabi/lib/thumb/v7-m/nofp\libg.a(lib_a-memmove.o)
                0x0800c488                memmove
 .text.__malloc_lock
                0x0800c580        0xc e:/01-app_install_file/16-stm32cubemx6_5/gun_arm/bin/../lib/gcc/arm-none-eabi/10.3.1/../../../../arm-none-eabi/lib/thumb/v7-m/nofp\libg.a(lib_a-mlock.o)
                0x0800c580                __malloc_lock
 .text.__malloc_unlock
                0x0800c58c        0xc e:/01-app_install_file/16-stm32cubemx6_5/gun_arm/bin/../lib/gcc/arm-none-eabi/10.3.1/../../../../arm-none-eabi/lib/thumb/v7-m/nofp\libg.a(lib_a-mlock.o)
                0x0800c58c                __malloc_unlock
 .text._Balloc  0x0800c598       0x4c e:/01-app_install_file/16-stm32cubemx6_5/gun_arm/bin/../lib/gcc/arm-none-eabi/10.3.1/../../../../arm-none-eabi/lib/thumb/v7-m/nofp\libg.a(lib_a-mprec.o)
                0x0800c598                _Balloc
 .text._Bfree   0x0800c5e4       0x14 e:/01-app_install_file/16-stm32cubemx6_5/gun_arm/bin/../lib/gcc/arm-none-eabi/10.3.1/../../../../arm-none-eabi/lib/thumb/v7-m/nofp\libg.a(lib_a-mprec.o)
                0x0800c5e4                _Bfree
 .text.__multadd
                0x0800c5f8       0xa4 e:/01-app_install_file/16-stm32cubemx6_5/gun_arm/bin/../lib/gcc/arm-none-eabi/10.3.1/../../../../arm-none-eabi/lib/thumb/v7-m/nofp\libg.a(lib_a-mprec.o)
                0x0800c5f8                __multadd
 .text.__hi0bits
                0x0800c69c       0x40 e:/01-app_install_file/16-stm32cubemx6_5/gun_arm/bin/../lib/gcc/arm-none-eabi/10.3.1/../../../../arm-none-eabi/lib/thumb/v7-m/nofp\libg.a(lib_a-mprec.o)
                0x0800c69c                __hi0bits
 .text.__lo0bits
                0x0800c6dc       0x58 e:/01-app_install_file/16-stm32cubemx6_5/gun_arm/bin/../lib/gcc/arm-none-eabi/10.3.1/../../../../arm-none-eabi/lib/thumb/v7-m/nofp\libg.a(lib_a-mprec.o)
                0x0800c6dc                __lo0bits
 .text.__i2b    0x0800c734       0x5c e:/01-app_install_file/16-stm32cubemx6_5/gun_arm/bin/../lib/gcc/arm-none-eabi/10.3.1/../../../../arm-none-eabi/lib/thumb/v7-m/nofp\libg.a(lib_a-mprec.o)
                0x0800c734                __i2b
 .text.__multiply
                0x0800c790      0x15c e:/01-app_install_file/16-stm32cubemx6_5/gun_arm/bin/../lib/gcc/arm-none-eabi/10.3.1/../../../../arm-none-eabi/lib/thumb/v7-m/nofp\libg.a(lib_a-mprec.o)
                0x0800c790                __multiply
 .text.__pow5mult
                0x0800c8ec       0xb8 e:/01-app_install_file/16-stm32cubemx6_5/gun_arm/bin/../lib/gcc/arm-none-eabi/10.3.1/../../../../arm-none-eabi/lib/thumb/v7-m/nofp\libg.a(lib_a-mprec.o)
                0x0800c8ec                __pow5mult
 .text.__lshift
                0x0800c9a4       0xec e:/01-app_install_file/16-stm32cubemx6_5/gun_arm/bin/../lib/gcc/arm-none-eabi/10.3.1/../../../../arm-none-eabi/lib/thumb/v7-m/nofp\libg.a(lib_a-mprec.o)
                0x0800c9a4                __lshift
 .text.__mcmp   0x0800ca90       0x40 e:/01-app_install_file/16-stm32cubemx6_5/gun_arm/bin/../lib/gcc/arm-none-eabi/10.3.1/../../../../arm-none-eabi/lib/thumb/v7-m/nofp\libg.a(lib_a-mprec.o)
                0x0800ca90                __mcmp
 .text.__mdiff  0x0800cad0      0x14c e:/01-app_install_file/16-stm32cubemx6_5/gun_arm/bin/../lib/gcc/arm-none-eabi/10.3.1/../../../../arm-none-eabi/lib/thumb/v7-m/nofp\libg.a(lib_a-mprec.o)
                0x0800cad0                __mdiff
 .text.__d2b    0x0800cc1c       0xc4 e:/01-app_install_file/16-stm32cubemx6_5/gun_arm/bin/../lib/gcc/arm-none-eabi/10.3.1/../../../../arm-none-eabi/lib/thumb/v7-m/nofp\libg.a(lib_a-mprec.o)
                0x0800cc1c                __d2b
 .text._realloc_r
                0x0800cce0      0x3dc e:/01-app_install_file/16-stm32cubemx6_5/gun_arm/bin/../lib/gcc/arm-none-eabi/10.3.1/../../../../arm-none-eabi/lib/thumb/v7-m/nofp\libg.a(lib_a-reallocr.o)
                0x0800cce0                _realloc_r
 .text.frexp    0x0800d0bc       0x70 e:/01-app_install_file/16-stm32cubemx6_5/gun_arm/bin/../lib/gcc/arm-none-eabi/10.3.1/../../../../arm-none-eabi/lib/thumb/v7-m/nofp\libg.a(lib_a-s_frexp.o)
                0x0800d0bc                frexp
 .text._sbrk_r  0x0800d12c       0x24 e:/01-app_install_file/16-stm32cubemx6_5/gun_arm/bin/../lib/gcc/arm-none-eabi/10.3.1/../../../../arm-none-eabi/lib/thumb/v7-m/nofp\libg.a(lib_a-sbrkr.o)
                0x0800d12c                _sbrk_r
 .text.__sread  0x0800d150       0x24 e:/01-app_install_file/16-stm32cubemx6_5/gun_arm/bin/../lib/gcc/arm-none-eabi/10.3.1/../../../../arm-none-eabi/lib/thumb/v7-m/nofp\libg.a(lib_a-stdio.o)
                0x0800d150                __sread
 .text.__swrite
                0x0800d174       0x40 e:/01-app_install_file/16-stm32cubemx6_5/gun_arm/bin/../lib/gcc/arm-none-eabi/10.3.1/../../../../arm-none-eabi/lib/thumb/v7-m/nofp\libg.a(lib_a-stdio.o)
                0x0800d174                __swrite
 .text.__sseek  0x0800d1b4       0x20 e:/01-app_install_file/16-stm32cubemx6_5/gun_arm/bin/../lib/gcc/arm-none-eabi/10.3.1/../../../../arm-none-eabi/lib/thumb/v7-m/nofp\libg.a(lib_a-stdio.o)
                0x0800d1b4                __sseek
 .text.__sclose
                0x0800d1d4        0x8 e:/01-app_install_file/16-stm32cubemx6_5/gun_arm/bin/../lib/gcc/arm-none-eabi/10.3.1/../../../../arm-none-eabi/lib/thumb/v7-m/nofp\libg.a(lib_a-stdio.o)
                0x0800d1d4                __sclose
 .text.strncpy  0x0800d1dc       0x68 e:/01-app_install_file/16-stm32cubemx6_5/gun_arm/bin/../lib/gcc/arm-none-eabi/10.3.1/../../../../arm-none-eabi/lib/thumb/v7-m/nofp\libg.a(lib_a-strncpy.o)
                0x0800d1dc                strncpy
 .text.__ssprint_r
                0x0800d244       0xfc e:/01-app_install_file/16-stm32cubemx6_5/gun_arm/bin/../lib/gcc/arm-none-eabi/10.3.1/../../../../arm-none-eabi/lib/thumb/v7-m/nofp\libg.a(lib_a-svfiprintf.o)
                0x0800d244                __ssprint_r
 .text.__sprint_r.part.0
                0x0800d340       0x78 e:/01-app_install_file/16-stm32cubemx6_5/gun_arm/bin/../lib/gcc/arm-none-eabi/10.3.1/../../../../arm-none-eabi/lib/thumb/v7-m/nofp\libg.a(lib_a-vfiprintf.o)
 .text.__sprint_r
                0x0800d3b8       0x14 e:/01-app_install_file/16-stm32cubemx6_5/gun_arm/bin/../lib/gcc/arm-none-eabi/10.3.1/../../../../arm-none-eabi/lib/thumb/v7-m/nofp\libg.a(lib_a-vfiprintf.o)
                0x0800d3b8                __sprint_r
 .text._vfiprintf_r
                0x0800d3cc      0xd98 e:/01-app_install_file/16-stm32cubemx6_5/gun_arm/bin/../lib/gcc/arm-none-eabi/10.3.1/../../../../arm-none-eabi/lib/thumb/v7-m/nofp\libg.a(lib_a-vfiprintf.o)
                0x0800d3cc                _vfiprintf_r
 .text.__sbprintf
                0x0800e164       0x84 e:/01-app_install_file/16-stm32cubemx6_5/gun_arm/bin/../lib/gcc/arm-none-eabi/10.3.1/../../../../arm-none-eabi/lib/thumb/v7-m/nofp\libg.a(lib_a-vfiprintf.o)
 .text._write_r
                0x0800e1e8       0x2c e:/01-app_install_file/16-stm32cubemx6_5/gun_arm/bin/../lib/gcc/arm-none-eabi/10.3.1/../../../../arm-none-eabi/lib/thumb/v7-m/nofp\libg.a(lib_a-writer.o)
                0x0800e1e8                _write_r
 .text.__register_exitproc
                0x0800e214       0x8c e:/01-app_install_file/16-stm32cubemx6_5/gun_arm/bin/../lib/gcc/arm-none-eabi/10.3.1/../../../../arm-none-eabi/lib/thumb/v7-m/nofp\libg.a(lib_a-__atexit.o)
                0x0800e214                __register_exitproc
 .text.__assert_func
                0x0800e2a0       0x40 e:/01-app_install_file/16-stm32cubemx6_5/gun_arm/bin/../lib/gcc/arm-none-eabi/10.3.1/../../../../arm-none-eabi/lib/thumb/v7-m/nofp\libg.a(lib_a-assert.o)
                0x0800e2a0                __assert_func
 .text._calloc_r
                0x0800e2e0       0x78 e:/01-app_install_file/16-stm32cubemx6_5/gun_arm/bin/../lib/gcc/arm-none-eabi/10.3.1/../../../../arm-none-eabi/lib/thumb/v7-m/nofp\libg.a(lib_a-callocr.o)
                0x0800e2e0                _calloc_r
 .text._close_r
                0x0800e358       0x24 e:/01-app_install_file/16-stm32cubemx6_5/gun_arm/bin/../lib/gcc/arm-none-eabi/10.3.1/../../../../arm-none-eabi/lib/thumb/v7-m/nofp\libg.a(lib_a-closer.o)
                0x0800e358                _close_r
 .text._fclose_r
                0x0800e37c       0xcc e:/01-app_install_file/16-stm32cubemx6_5/gun_arm/bin/../lib/gcc/arm-none-eabi/10.3.1/../../../../arm-none-eabi/lib/thumb/v7-m/nofp\libg.a(lib_a-fclose.o)
                0x0800e37c                _fclose_r
 .text.fiprintf
                0x0800e448       0x28 e:/01-app_install_file/16-stm32cubemx6_5/gun_arm/bin/../lib/gcc/arm-none-eabi/10.3.1/../../../../arm-none-eabi/lib/thumb/v7-m/nofp\libg.a(lib_a-fiprintf.o)
                0x0800e448                fiprintf
 .text.__fputwc
                0x0800e470       0xa0 e:/01-app_install_file/16-stm32cubemx6_5/gun_arm/bin/../lib/gcc/arm-none-eabi/10.3.1/../../../../arm-none-eabi/lib/thumb/v7-m/nofp\libg.a(lib_a-fputwc.o)
                0x0800e470                __fputwc
 .text._fputwc_r
                0x0800e510       0x68 e:/01-app_install_file/16-stm32cubemx6_5/gun_arm/bin/../lib/gcc/arm-none-eabi/10.3.1/../../../../arm-none-eabi/lib/thumb/v7-m/nofp\libg.a(lib_a-fputwc.o)
                0x0800e510                _fputwc_r
 .text._fstat_r
                0x0800e578       0x28 e:/01-app_install_file/16-stm32cubemx6_5/gun_arm/bin/../lib/gcc/arm-none-eabi/10.3.1/../../../../arm-none-eabi/lib/thumb/v7-m/nofp\libg.a(lib_a-fstatr.o)
                0x0800e578                _fstat_r
 .text._isatty_r
                0x0800e5a0       0x24 e:/01-app_install_file/16-stm32cubemx6_5/gun_arm/bin/../lib/gcc/arm-none-eabi/10.3.1/../../../../arm-none-eabi/lib/thumb/v7-m/nofp\libg.a(lib_a-isattyr.o)
                0x0800e5a0                _isatty_r
 .text.__locale_mb_cur_max
                0x0800e5c4        0xc e:/01-app_install_file/16-stm32cubemx6_5/gun_arm/bin/../lib/gcc/arm-none-eabi/10.3.1/../../../../arm-none-eabi/lib/thumb/v7-m/nofp\libg.a(lib_a-locale.o)
                0x0800e5c4                __locale_mb_cur_max
 .text._lseek_r
                0x0800e5d0       0x2c e:/01-app_install_file/16-stm32cubemx6_5/gun_arm/bin/../lib/gcc/arm-none-eabi/10.3.1/../../../../arm-none-eabi/lib/thumb/v7-m/nofp\libg.a(lib_a-lseekr.o)
                0x0800e5d0                _lseek_r
 .text.__ascii_mbtowc
                0x0800e5fc       0x2c e:/01-app_install_file/16-stm32cubemx6_5/gun_arm/bin/../lib/gcc/arm-none-eabi/10.3.1/../../../../arm-none-eabi/lib/thumb/v7-m/nofp\libg.a(lib_a-mbtowc_r.o)
                0x0800e5fc                __ascii_mbtowc
 .text._read_r  0x0800e628       0x2c e:/01-app_install_file/16-stm32cubemx6_5/gun_arm/bin/../lib/gcc/arm-none-eabi/10.3.1/../../../../arm-none-eabi/lib/thumb/v7-m/nofp\libg.a(lib_a-readr.o)
                0x0800e628                _read_r
 .text.__swbuf_r
                0x0800e654       0xb0 e:/01-app_install_file/16-stm32cubemx6_5/gun_arm/bin/../lib/gcc/arm-none-eabi/10.3.1/../../../../arm-none-eabi/lib/thumb/v7-m/nofp\libg.a(lib_a-wbuf.o)
                0x0800e654                __swbuf_r
 .text._wcrtomb_r
                0x0800e704       0x3c e:/01-app_install_file/16-stm32cubemx6_5/gun_arm/bin/../lib/gcc/arm-none-eabi/10.3.1/../../../../arm-none-eabi/lib/thumb/v7-m/nofp\libg.a(lib_a-wcrtomb.o)
                0x0800e704                _wcrtomb_r
 .text.__ascii_wctomb
                0x0800e740       0x1c e:/01-app_install_file/16-stm32cubemx6_5/gun_arm/bin/../lib/gcc/arm-none-eabi/10.3.1/../../../../arm-none-eabi/lib/thumb/v7-m/nofp\libg.a(lib_a-wctomb_r.o)
                0x0800e740                __ascii_wctomb
 .text.abort    0x0800e75c       0x10 e:/01-app_install_file/16-stm32cubemx6_5/gun_arm/bin/../lib/gcc/arm-none-eabi/10.3.1/../../../../arm-none-eabi/lib/thumb/v7-m/nofp\libg.a(lib_a-abort.o)
                0x0800e75c                abort
 .text.raise    0x0800e76c       0x5c e:/01-app_install_file/16-stm32cubemx6_5/gun_arm/bin/../lib/gcc/arm-none-eabi/10.3.1/../../../../arm-none-eabi/lib/thumb/v7-m/nofp\libg.a(lib_a-signal.o)
                0x0800e76c                raise
 .text._kill_r  0x0800e7c8       0x28 e:/01-app_install_file/16-stm32cubemx6_5/gun_arm/bin/../lib/gcc/arm-none-eabi/10.3.1/../../../../arm-none-eabi/lib/thumb/v7-m/nofp\libg.a(lib_a-signalr.o)
                0x0800e7c8                _kill_r
 .text._getpid_r
                0x0800e7f0        0x4 e:/01-app_install_file/16-stm32cubemx6_5/gun_arm/bin/../lib/gcc/arm-none-eabi/10.3.1/../../../../arm-none-eabi/lib/thumb/v7-m/nofp\libg.a(lib_a-signalr.o)
                0x0800e7f0                _getpid_r
 *(.glue_7)
 .glue_7        0x0800e7f4        0x0 linker stubs
 *(.glue_7t)
 .glue_7t       0x0800e7f4        0x0 linker stubs
 *(.eh_frame)
 .eh_frame      0x0800e7f4        0x0 e:/01-app_install_file/16-stm32cubemx6_5/gun_arm/bin/../lib/gcc/arm-none-eabi/10.3.1/thumb/v7-m/nofp/crtbegin.o
 *(.init)
 .init          0x0800e7f4        0x4 e:/01-app_install_file/16-stm32cubemx6_5/gun_arm/bin/../lib/gcc/arm-none-eabi/10.3.1/thumb/v7-m/nofp/crti.o
                0x0800e7f4                _init
 .init          0x0800e7f8        0x8 e:/01-app_install_file/16-stm32cubemx6_5/gun_arm/bin/../lib/gcc/arm-none-eabi/10.3.1/thumb/v7-m/nofp/crtn.o
 *(.fini)
 .fini          0x0800e800        0x4 e:/01-app_install_file/16-stm32cubemx6_5/gun_arm/bin/../lib/gcc/arm-none-eabi/10.3.1/thumb/v7-m/nofp/crti.o
                0x0800e800                _fini
 .fini          0x0800e804        0x8 e:/01-app_install_file/16-stm32cubemx6_5/gun_arm/bin/../lib/gcc/arm-none-eabi/10.3.1/thumb/v7-m/nofp/crtn.o
                0x0800e80c                . = ALIGN (0x4)
                0x0800e80c                _etext = .

.vfp11_veneer   0x0800e80c        0x0
 .vfp11_veneer  0x0800e80c        0x0 linker stubs

.v4_bx          0x0800e80c        0x0
 .v4_bx         0x0800e80c        0x0 linker stubs

.iplt           0x0800e80c        0x0
 .iplt          0x0800e80c        0x0 e:/01-app_install_file/16-stm32cubemx6_5/gun_arm/bin/../lib/gcc/arm-none-eabi/10.3.1/thumb/v7-m/nofp/crtbegin.o

.rodata         0x0800e810      0xac0
                0x0800e810                . = ALIGN (0x4)
 *(.rodata)
 .rodata        0x0800e810       0x50 CMakeFiles/Hal_Code.elf.dir/Core/Src/freertos.c.obj
 *(.rodata*)
 .rodata.str1.4
                0x0800e860       0x2b CMakeFiles/Hal_Code.elf.dir/Core/Src/freertos.c.obj
 *fill*         0x0800e88b        0x1 
 .rodata.KEY_Task.str1.4
                0x0800e88c      0x158 CMakeFiles/Hal_Code.elf.dir/Core/Src/freertos.c.obj
 .rodata.Queue1_Receive_Task.str1.4
                0x0800e9e4       0x40 CMakeFiles/Hal_Code.elf.dir/Core/Src/freertos.c.obj
 .rodata.Queue2_Receive_Task.str1.4
                0x0800ea24       0x20 CMakeFiles/Hal_Code.elf.dir/Core/Src/freertos.c.obj
 .rodata.MX_FREERTOS_Init.str1.4
                0x0800ea44       0x4f CMakeFiles/Hal_Code.elf.dir/Core/Src/freertos.c.obj
 *fill*         0x0800ea93        0x1 
 .rodata.AHBPrescTable
                0x0800ea94       0x10 CMakeFiles/Hal_Code.elf.dir/Core/Src/system_stm32f1xx.c.obj
                0x0800ea94                AHBPrescTable
 .rodata.APBPrescTable
                0x0800eaa4        0x8 CMakeFiles/Hal_Code.elf.dir/Core/Src/system_stm32f1xx.c.obj
                0x0800eaa4                APBPrescTable
 .rodata.HAL_NVIC_SetPriorityGrouping.str1.4
                0x0800eaac       0x66 CMakeFiles/Hal_Code.elf.dir/Drivers/STM32F1xx_HAL_Driver/Src/stm32f1xx_hal_cortex.c.obj
 *fill*         0x0800eb12        0x2 
 .rodata.HAL_DMA_Init.str1.4
                0x0800eb14       0x63 CMakeFiles/Hal_Code.elf.dir/Drivers/STM32F1xx_HAL_Driver/Src/stm32f1xx_hal_dma.c.obj
 *fill*         0x0800eb77        0x1 
 .rodata.HAL_GPIO_Init.str1.4
                0x0800eb78       0x64 CMakeFiles/Hal_Code.elf.dir/Drivers/STM32F1xx_HAL_Driver/Src/stm32f1xx_hal_gpio.c.obj
 .rodata.HAL_RCC_OscConfig.str1.4
                0x0800ebdc       0x63 CMakeFiles/Hal_Code.elf.dir/Drivers/STM32F1xx_HAL_Driver/Src/stm32f1xx_hal_rcc.c.obj
 *fill*         0x0800ec3f        0x1 
 .rodata.aPLLMULFactorTable.1
                0x0800ec40       0x10 CMakeFiles/Hal_Code.elf.dir/Drivers/STM32F1xx_HAL_Driver/Src/stm32f1xx_hal_rcc.c.obj
 .rodata.aPredivFactorTable.0
                0x0800ec50        0x2 CMakeFiles/Hal_Code.elf.dir/Drivers/STM32F1xx_HAL_Driver/Src/stm32f1xx_hal_rcc.c.obj
 *fill*         0x0800ec52        0x2 
 .rodata.TIM_OC1_SetConfig.str1.4
                0x0800ec54       0x63 CMakeFiles/Hal_Code.elf.dir/Drivers/STM32F1xx_HAL_Driver/Src/stm32f1xx_hal_tim.c.obj
 *fill*         0x0800ecb7        0x1 
 .rodata.HAL_TIMEx_HallSensor_Init.str1.4
                0x0800ecb8       0x66 CMakeFiles/Hal_Code.elf.dir/Drivers/STM32F1xx_HAL_Driver/Src/stm32f1xx_hal_tim_ex.c.obj
 *fill*         0x0800ed1e        0x2 
 .rodata.UART_SetConfig.str1.4
                0x0800ed20       0x64 CMakeFiles/Hal_Code.elf.dir/Drivers/STM32F1xx_HAL_Driver/Src/stm32f1xx_hal_uart.c.obj
 .rodata.FSMC_NORSRAM_Init.str1.4
                0x0800ed84       0x63 CMakeFiles/Hal_Code.elf.dir/Drivers/STM32F1xx_HAL_Driver/Src/stm32f1xx_ll_fsmc.c.obj
 *fill*         0x0800ede7        0x1 
 .rodata.vTaskStartScheduler.str1.4
                0x0800ede8        0x5 CMakeFiles/Hal_Code.elf.dir/Middlewares/Third_Party/FreeRTOS/Source/tasks.c.obj
 *fill*         0x0800eded        0x3 
 .rodata.vTaskList.str1.4
                0x0800edf0        0xf CMakeFiles/Hal_Code.elf.dir/Middlewares/Third_Party/FreeRTOS/Source/tasks.c.obj
 *fill*         0x0800edff        0x1 
 .rodata.vTaskGetRunTimeStats.str1.4
                0x0800ee00       0x18 CMakeFiles/Hal_Code.elf.dir/Middlewares/Third_Party/FreeRTOS/Source/tasks.c.obj
 .rodata.Peripheral_Set.str1.4
                0x0800ee18       0x96 CMakeFiles/Hal_Code.elf.dir/MyApplication/MyInit.c.obj
 *fill*         0x0800eeae        0x2 
 .rodata._global_impure_ptr
                0x0800eeb0        0x4 e:/01-app_install_file/16-stm32cubemx6_5/gun_arm/bin/../lib/gcc/arm-none-eabi/10.3.1/../../../../arm-none-eabi/lib/thumb/v7-m/nofp\libg.a(lib_a-impure.o)
                0x0800eeb0                _global_impure_ptr
 .rodata._puts_r.str1.4
                0x0800eeb4       0x96 e:/01-app_install_file/16-stm32cubemx6_5/gun_arm/bin/../lib/gcc/arm-none-eabi/10.3.1/../../../../arm-none-eabi/lib/thumb/v7-m/nofp\libg.a(lib_a-puts.o)
                                  0x2 (size before relaxing)
 .rodata._svfprintf_r.str1.4
                0x0800eeb4       0x42 e:/01-app_install_file/16-stm32cubemx6_5/gun_arm/bin/../lib/gcc/arm-none-eabi/10.3.1/../../../../arm-none-eabi/lib/thumb/v7-m/nofp\libg.a(lib_a-svfprintf.o)
 *fill*         0x0800eef6        0x2 
 .rodata.blanks.1
                0x0800eef8       0x10 e:/01-app_install_file/16-stm32cubemx6_5/gun_arm/bin/../lib/gcc/arm-none-eabi/10.3.1/../../../../arm-none-eabi/lib/thumb/v7-m/nofp\libg.a(lib_a-svfprintf.o)
 .rodata.zeroes.0
                0x0800ef08       0x10 e:/01-app_install_file/16-stm32cubemx6_5/gun_arm/bin/../lib/gcc/arm-none-eabi/10.3.1/../../../../arm-none-eabi/lib/thumb/v7-m/nofp\libg.a(lib_a-svfprintf.o)
 .rodata._vfprintf_r.str1.4
                0x0800ef18       0x42 e:/01-app_install_file/16-stm32cubemx6_5/gun_arm/bin/../lib/gcc/arm-none-eabi/10.3.1/../../../../arm-none-eabi/lib/thumb/v7-m/nofp\libg.a(lib_a-vfprintf.o)
 .rodata.blanks.1
                0x0800ef18       0x10 e:/01-app_install_file/16-stm32cubemx6_5/gun_arm/bin/../lib/gcc/arm-none-eabi/10.3.1/../../../../arm-none-eabi/lib/thumb/v7-m/nofp\libg.a(lib_a-vfprintf.o)
 .rodata.zeroes.0
                0x0800ef28       0x10 e:/01-app_install_file/16-stm32cubemx6_5/gun_arm/bin/../lib/gcc/arm-none-eabi/10.3.1/../../../../arm-none-eabi/lib/thumb/v7-m/nofp\libg.a(lib_a-vfprintf.o)
 .rodata._dtoa_r.str1.4
                0x0800ef38       0xa2 e:/01-app_install_file/16-stm32cubemx6_5/gun_arm/bin/../lib/gcc/arm-none-eabi/10.3.1/../../../../arm-none-eabi/lib/thumb/v7-m/nofp\libg.a(lib_a-dtoa.o)
                                 0xa6 (size before relaxing)
 *fill*         0x0800efda        0x2 
 .rodata.__multadd.str1.4
                0x0800efdc       0x7f e:/01-app_install_file/16-stm32cubemx6_5/gun_arm/bin/../lib/gcc/arm-none-eabi/10.3.1/../../../../arm-none-eabi/lib/thumb/v7-m/nofp\libg.a(lib_a-mprec.o)
                                 0x93 (size before relaxing)
 *fill*         0x0800f05b        0x5 
 .rodata.__mprec_bigtens
                0x0800f060       0x28 e:/01-app_install_file/16-stm32cubemx6_5/gun_arm/bin/../lib/gcc/arm-none-eabi/10.3.1/../../../../arm-none-eabi/lib/thumb/v7-m/nofp\libg.a(lib_a-mprec.o)
                0x0800f060                __mprec_bigtens
 .rodata.__mprec_tens
                0x0800f088       0xc8 e:/01-app_install_file/16-stm32cubemx6_5/gun_arm/bin/../lib/gcc/arm-none-eabi/10.3.1/../../../../arm-none-eabi/lib/thumb/v7-m/nofp\libg.a(lib_a-mprec.o)
                0x0800f088                __mprec_tens
 .rodata.p05.0  0x0800f150        0xc e:/01-app_install_file/16-stm32cubemx6_5/gun_arm/bin/../lib/gcc/arm-none-eabi/10.3.1/../../../../arm-none-eabi/lib/thumb/v7-m/nofp\libg.a(lib_a-mprec.o)
 .rodata._vfiprintf_r.str1.4
                0x0800f15c       0x2f e:/01-app_install_file/16-stm32cubemx6_5/gun_arm/bin/../lib/gcc/arm-none-eabi/10.3.1/../../../../arm-none-eabi/lib/thumb/v7-m/nofp\libg.a(lib_a-vfiprintf.o)
 .rodata.blanks.1
                0x0800f15c       0x10 e:/01-app_install_file/16-stm32cubemx6_5/gun_arm/bin/../lib/gcc/arm-none-eabi/10.3.1/../../../../arm-none-eabi/lib/thumb/v7-m/nofp\libg.a(lib_a-vfiprintf.o)
 .rodata.zeroes.0
                0x0800f16c       0x10 e:/01-app_install_file/16-stm32cubemx6_5/gun_arm/bin/../lib/gcc/arm-none-eabi/10.3.1/../../../../arm-none-eabi/lib/thumb/v7-m/nofp\libg.a(lib_a-vfiprintf.o)
 .rodata.__assert_func.str1.4
                0x0800f17c       0x3f e:/01-app_install_file/16-stm32cubemx6_5/gun_arm/bin/../lib/gcc/arm-none-eabi/10.3.1/../../../../arm-none-eabi/lib/thumb/v7-m/nofp\libg.a(lib_a-assert.o)
                                 0x43 (size before relaxing)
 *fill*         0x0800f1bb        0x1 
 .rodata._setlocale_r.str1.4
                0x0800f1bc        0xa e:/01-app_install_file/16-stm32cubemx6_5/gun_arm/bin/../lib/gcc/arm-none-eabi/10.3.1/../../../../arm-none-eabi/lib/thumb/v7-m/nofp\libg.a(lib_a-locale.o)
                                  0xd (size before relaxing)
 *fill*         0x0800f1c6        0x2 
 .rodata.str1.4
                0x0800f1c8        0x2 e:/01-app_install_file/16-stm32cubemx6_5/gun_arm/bin/../lib/gcc/arm-none-eabi/10.3.1/../../../../arm-none-eabi/lib/thumb/v7-m/nofp\libg.a(lib_a-locale.o)
 *fill*         0x0800f1ca        0x2 
 .rodata._ctype_
                0x0800f1cc      0x101 e:/01-app_install_file/16-stm32cubemx6_5/gun_arm/bin/../lib/gcc/arm-none-eabi/10.3.1/../../../../arm-none-eabi/lib/thumb/v7-m/nofp\libg.a(lib_a-ctype_.o)
                0x0800f1cc                _ctype_
                0x0800f2d0                . = ALIGN (0x4)
 *fill*         0x0800f2cd        0x3 

.ARM.extab      0x0800f2d0        0x0
                0x0800f2d0                . = ALIGN (0x4)
 *(.ARM.extab* .gnu.linkonce.armextab.*)
                0x0800f2d0                . = ALIGN (0x4)

.ARM            0x0800f2d0        0x8
                0x0800f2d0                . = ALIGN (0x4)
                0x0800f2d0                __exidx_start = .
 *(.ARM.exidx*)
 .ARM.exidx     0x0800f2d0        0x8 e:/01-app_install_file/16-stm32cubemx6_5/gun_arm/bin/../lib/gcc/arm-none-eabi/10.3.1/thumb/v7-m/nofp\libgcc.a(_udivmoddi4.o)
                0x0800f2d8                __exidx_end = .
                0x0800f2d8                . = ALIGN (0x4)

.rel.dyn        0x0800f2d8        0x0
 .rel.iplt      0x0800f2d8        0x0 e:/01-app_install_file/16-stm32cubemx6_5/gun_arm/bin/../lib/gcc/arm-none-eabi/10.3.1/thumb/v7-m/nofp/crtbegin.o

.preinit_array  0x0800f2d8        0x0
                0x0800f2d8                . = ALIGN (0x4)
                0x0800f2d8                PROVIDE (__preinit_array_start = .)
 *(.preinit_array*)
                0x0800f2d8                PROVIDE (__preinit_array_end = .)
                0x0800f2d8                . = ALIGN (0x4)

.init_array     0x0800f2d8        0x8
                0x0800f2d8                . = ALIGN (0x4)
                0x0800f2d8                PROVIDE (__init_array_start = .)
 *(SORT_BY_NAME(.init_array.*))
 .init_array.00000
                0x0800f2d8        0x4 e:/01-app_install_file/16-stm32cubemx6_5/gun_arm/bin/../lib/gcc/arm-none-eabi/10.3.1/../../../../arm-none-eabi/lib/thumb/v7-m/nofp\libg.a(lib_a-__call_atexit.o)
 *(.init_array*)
 .init_array    0x0800f2dc        0x4 e:/01-app_install_file/16-stm32cubemx6_5/gun_arm/bin/../lib/gcc/arm-none-eabi/10.3.1/thumb/v7-m/nofp/crtbegin.o
                0x0800f2e0                PROVIDE (__init_array_end = .)
                0x0800f2e0                . = ALIGN (0x4)

.fini_array     0x0800f2e0        0x4
                0x0800f2e0                . = ALIGN (0x4)
                0x0800f2e0                PROVIDE (__fini_array_start = .)
 *(SORT_BY_NAME(.fini_array.*))
 *(.fini_array*)
 .fini_array    0x0800f2e0        0x4 e:/01-app_install_file/16-stm32cubemx6_5/gun_arm/bin/../lib/gcc/arm-none-eabi/10.3.1/thumb/v7-m/nofp/crtbegin.o
                0x0800f2e4                PROVIDE (__fini_array_end = .)
                0x0800f2e4                . = ALIGN (0x4)
                0x0800f2e4                _sidata = LOADADDR (.data)

.data           0x20000000      0x9e0 load address 0x0800f2e4
                0x20000000                . = ALIGN (0x4)
                0x20000000                _sdata = .
 *(.data)
 *(.data*)
 .data.SystemCoreClock
                0x20000000        0x4 CMakeFiles/Hal_Code.elf.dir/Core/Src/system_stm32f1xx.c.obj
                0x20000000                SystemCoreClock
 .data.uwTickFreq
                0x20000004        0x1 CMakeFiles/Hal_Code.elf.dir/Drivers/STM32F1xx_HAL_Driver/Src/stm32f1xx_hal.c.obj
                0x20000004                uwTickFreq
 *fill*         0x20000005        0x3 
 .data.uwTickPrio
                0x20000008        0x4 CMakeFiles/Hal_Code.elf.dir/Drivers/STM32F1xx_HAL_Driver/Src/stm32f1xx_hal.c.obj
                0x20000008                uwTickPrio
 .data.uxCriticalNesting
                0x2000000c        0x4 CMakeFiles/Hal_Code.elf.dir/Middlewares/Third_Party/FreeRTOS/Source/portable/GCC/ARM_CM3/port.c.obj
 .data.KEY      0x20000010        0x8 CMakeFiles/Hal_Code.elf.dir/MyApplication/KEY.c.obj
                0x20000010                KEY
 .data.LED      0x20000018        0xc CMakeFiles/Hal_Code.elf.dir/MyApplication/LED.c.obj
                0x20000018                LED
 .data.MyInit   0x20000024        0x4 CMakeFiles/Hal_Code.elf.dir/MyApplication/MyInit.c.obj
                0x20000024                MyInit
 .data.System   0x20000028        0xc CMakeFiles/Hal_Code.elf.dir/MyApplication/System.c.obj
                0x20000028                System
 .data._impure_ptr
                0x20000034        0x4 e:/01-app_install_file/16-stm32cubemx6_5/gun_arm/bin/../lib/gcc/arm-none-eabi/10.3.1/../../../../arm-none-eabi/lib/thumb/v7-m/nofp\libg.a(lib_a-impure.o)
                0x20000034                _impure_ptr
 .data.impure_data
                0x20000038      0x428 e:/01-app_install_file/16-stm32cubemx6_5/gun_arm/bin/../lib/gcc/arm-none-eabi/10.3.1/../../../../arm-none-eabi/lib/thumb/v7-m/nofp\libg.a(lib_a-impure.o)
 .data.__atexit_recursive_mutex
                0x20000460        0x4 e:/01-app_install_file/16-stm32cubemx6_5/gun_arm/bin/../lib/gcc/arm-none-eabi/10.3.1/../../../../arm-none-eabi/lib/thumb/v7-m/nofp\libg.a(lib_a-__call_atexit.o)
                0x20000460                __atexit_recursive_mutex
 .data.__malloc_av_
                0x20000464      0x408 e:/01-app_install_file/16-stm32cubemx6_5/gun_arm/bin/../lib/gcc/arm-none-eabi/10.3.1/../../../../arm-none-eabi/lib/thumb/v7-m/nofp\libg.a(lib_a-mallocr.o)
                0x20000464                __malloc_av_
 .data.__malloc_sbrk_base
                0x2000086c        0x4 e:/01-app_install_file/16-stm32cubemx6_5/gun_arm/bin/../lib/gcc/arm-none-eabi/10.3.1/../../../../arm-none-eabi/lib/thumb/v7-m/nofp\libg.a(lib_a-mallocr.o)
                0x2000086c                __malloc_sbrk_base
 .data.__malloc_trim_threshold
                0x20000870        0x4 e:/01-app_install_file/16-stm32cubemx6_5/gun_arm/bin/../lib/gcc/arm-none-eabi/10.3.1/../../../../arm-none-eabi/lib/thumb/v7-m/nofp\libg.a(lib_a-mallocr.o)
                0x20000870                __malloc_trim_threshold
 .data.__global_locale
                0x20000874      0x16c e:/01-app_install_file/16-stm32cubemx6_5/gun_arm/bin/../lib/gcc/arm-none-eabi/10.3.1/../../../../arm-none-eabi/lib/thumb/v7-m/nofp\libg.a(lib_a-locale.o)
                0x20000874                __global_locale
 *(.RamFunc)
 *(.RamFunc*)
                0x200009e0                . = ALIGN (0x4)
                0x200009e0                _edata = .

.igot.plt       0x200009e0        0x0 load address 0x0800fcc4
 .igot.plt      0x200009e0        0x0 e:/01-app_install_file/16-stm32cubemx6_5/gun_arm/bin/../lib/gcc/arm-none-eabi/10.3.1/thumb/v7-m/nofp/crtbegin.o
                0x200009e0                . = ALIGN (0x4)

.bss            0x200009e0     0x2ca8 load address 0x0800fcc4
                0x200009e0                _sbss = .
                0x200009e0                __bss_start__ = _sbss
 *(.bss)
 .bss           0x200009e0       0x1c e:/01-app_install_file/16-stm32cubemx6_5/gun_arm/bin/../lib/gcc/arm-none-eabi/10.3.1/thumb/v7-m/nofp/crtbegin.o
 *(.bss*)
 .bss.KEYHandle
                0x200009fc        0x4 CMakeFiles/Hal_Code.elf.dir/Core/Src/freertos.c.obj
                0x200009fc                KEYHandle
 .bss.LED1Handle
                0x20000a00        0x4 CMakeFiles/Hal_Code.elf.dir/Core/Src/freertos.c.obj
                0x20000a00                LED1Handle
 .bss.Queue1_ReceiveHandle
                0x20000a04        0x4 CMakeFiles/Hal_Code.elf.dir/Core/Src/freertos.c.obj
                0x20000a04                Queue1_ReceiveHandle
 .bss.Queue2_ReceiveHandle
                0x20000a08        0x4 CMakeFiles/Hal_Code.elf.dir/Core/Src/freertos.c.obj
                0x20000a08                Queue2_ReceiveHandle
 .bss.xQueue1   0x20000a0c        0x4 CMakeFiles/Hal_Code.elf.dir/Core/Src/freertos.c.obj
 .bss.xQueue2   0x20000a10        0x4 CMakeFiles/Hal_Code.elf.dir/Core/Src/freertos.c.obj
 .bss.FSMC_Initialized
                0x20000a14        0x4 CMakeFiles/Hal_Code.elf.dir/Core/Src/fsmc.c.obj
 .bss.hsram1    0x20000a18       0x48 CMakeFiles/Hal_Code.elf.dir/Core/Src/fsmc.c.obj
                0x20000a18                hsram1
 .bss.CPU_RunTime
                0x20000a60        0x4 CMakeFiles/Hal_Code.elf.dir/Core/Src/main.c.obj
                0x20000a60                CPU_RunTime
 .bss.htim2     0x20000a64       0x48 CMakeFiles/Hal_Code.elf.dir/Core/Src/stm32f1xx_hal_timebase_tim.c.obj
                0x20000a64                htim2
 .bss.__sbrk_heap_end
                0x20000aac        0x4 CMakeFiles/Hal_Code.elf.dir/Core/Src/sysmem.c.obj
 .bss.htim1     0x20000ab0       0x48 CMakeFiles/Hal_Code.elf.dir/Core/Src/tim.c.obj
                0x20000ab0                htim1
 .bss.htim3     0x20000af8       0x48 CMakeFiles/Hal_Code.elf.dir/Core/Src/tim.c.obj
                0x20000af8                htim3
 .bss.htim6     0x20000b40       0x48 CMakeFiles/Hal_Code.elf.dir/Core/Src/tim.c.obj
                0x20000b40                htim6
 .bss.htim7     0x20000b88       0x48 CMakeFiles/Hal_Code.elf.dir/Core/Src/tim.c.obj
                0x20000b88                htim7
 .bss.hdma_usart2_rx
                0x20000bd0       0x44 CMakeFiles/Hal_Code.elf.dir/Core/Src/usart.c.obj
                0x20000bd0                hdma_usart2_rx
 .bss.hdma_usart2_tx
                0x20000c14       0x44 CMakeFiles/Hal_Code.elf.dir/Core/Src/usart.c.obj
                0x20000c14                hdma_usart2_tx
 .bss.huart1    0x20000c58       0x48 CMakeFiles/Hal_Code.elf.dir/Core/Src/usart.c.obj
                0x20000c58                huart1
 .bss.huart2    0x20000ca0       0x48 CMakeFiles/Hal_Code.elf.dir/Core/Src/usart.c.obj
                0x20000ca0                huart2
 .bss.uwTick    0x20000ce8        0x4 CMakeFiles/Hal_Code.elf.dir/Drivers/STM32F1xx_HAL_Driver/Src/stm32f1xx_hal.c.obj
                0x20000ce8                uwTick
 .bss.ucMaxSysCallPriority
                0x20000cec        0x1 CMakeFiles/Hal_Code.elf.dir/Middlewares/Third_Party/FreeRTOS/Source/portable/GCC/ARM_CM3/port.c.obj
 *fill*         0x20000ced        0x3 
 .bss.ulMaxPRIGROUPValue
                0x20000cf0        0x4 CMakeFiles/Hal_Code.elf.dir/Middlewares/Third_Party/FreeRTOS/Source/portable/GCC/ARM_CM3/port.c.obj
 .bss.pxEnd     0x20000cf4        0x4 CMakeFiles/Hal_Code.elf.dir/Middlewares/Third_Party/FreeRTOS/Source/portable/MemMang/heap_4.c.obj
 .bss.ucHeap    0x20000cf8     0x2800 CMakeFiles/Hal_Code.elf.dir/Middlewares/Third_Party/FreeRTOS/Source/portable/MemMang/heap_4.c.obj
 .bss.xBlockAllocatedBit
                0x200034f8        0x4 CMakeFiles/Hal_Code.elf.dir/Middlewares/Third_Party/FreeRTOS/Source/portable/MemMang/heap_4.c.obj
 .bss.xFreeBytesRemaining
                0x200034fc        0x4 CMakeFiles/Hal_Code.elf.dir/Middlewares/Third_Party/FreeRTOS/Source/portable/MemMang/heap_4.c.obj
 .bss.xMinimumEverFreeBytesRemaining
                0x20003500        0x4 CMakeFiles/Hal_Code.elf.dir/Middlewares/Third_Party/FreeRTOS/Source/portable/MemMang/heap_4.c.obj
 .bss.xStart    0x20003504        0x8 CMakeFiles/Hal_Code.elf.dir/Middlewares/Third_Party/FreeRTOS/Source/portable/MemMang/heap_4.c.obj
 .bss.pxCurrentTCB
                0x2000350c        0x4 CMakeFiles/Hal_Code.elf.dir/Middlewares/Third_Party/FreeRTOS/Source/tasks.c.obj
                0x2000350c                pxCurrentTCB
 .bss.pxDelayedTaskList
                0x20003510        0x4 CMakeFiles/Hal_Code.elf.dir/Middlewares/Third_Party/FreeRTOS/Source/tasks.c.obj
 .bss.pxOverflowDelayedTaskList
                0x20003514        0x4 CMakeFiles/Hal_Code.elf.dir/Middlewares/Third_Party/FreeRTOS/Source/tasks.c.obj
 .bss.pxReadyTasksLists
                0x20003518       0x8c CMakeFiles/Hal_Code.elf.dir/Middlewares/Third_Party/FreeRTOS/Source/tasks.c.obj
 .bss.ulTaskSwitchedInTime
                0x200035a4        0x4 CMakeFiles/Hal_Code.elf.dir/Middlewares/Third_Party/FreeRTOS/Source/tasks.c.obj
 .bss.ulTotalRunTime
                0x200035a8        0x4 CMakeFiles/Hal_Code.elf.dir/Middlewares/Third_Party/FreeRTOS/Source/tasks.c.obj
 .bss.uxCurrentNumberOfTasks
                0x200035ac        0x4 CMakeFiles/Hal_Code.elf.dir/Middlewares/Third_Party/FreeRTOS/Source/tasks.c.obj
 .bss.uxDeletedTasksWaitingCleanUp
                0x200035b0        0x4 CMakeFiles/Hal_Code.elf.dir/Middlewares/Third_Party/FreeRTOS/Source/tasks.c.obj
 .bss.uxPendedTicks
                0x200035b4        0x4 CMakeFiles/Hal_Code.elf.dir/Middlewares/Third_Party/FreeRTOS/Source/tasks.c.obj