<html>
<body>
<pre>
<h1>µVision Build Log</h1>
<h2>Tool Versions:</h2>
IDE-Version: ¦ÌVision V5.40.0.0
Copyright (C) 2024 ARM Ltd and ARM Germany GmbH. All rights reserved.
License Information: Administrator,  , LIC=21E4T-RHZAY-X7YRZ-J00FI-XBRKR-CIEXH
 
Tool Versions:
Toolchain:       MDK-ARM Plus  Version: 5.40.0.3
Toolchain Path:  E:\01-App_Install_file\07-keil\Keil_v5\ARM\ARM Compiler 5.06\Bin
C Compiler:      Armcc.exe V5.06 update 7 (build 960)
Assembler:       Armasm.exe V5.06 update 7 (build 960)
Linker/Locator:  ArmLink.exe V5.06 update 7 (build 960)
Library Manager: ArmAr.exe V5.06 update 7 (build 960)
Hex Converter:   FromElf.exe V5.06 update 7 (build 960)
CPU DLL:         SARMCM3.DLL V5.40.0.3
Dialog DLL:      DCM.DLL V1.17.5.0
Target DLL:      STLink\ST-LINKIII-KEIL_SWO.dll V3.3.0.0
Dialog DLL:      TCM.DLL V1.56.4.0
 
<h2>Project:</h2>
C:\Users\Administrator\Desktop\learn-git\hal_f4_developmemtboard\MDK-ARM\hal_f4_developmentboard.uvprojx
Project File Date:  03/03/2025

<h2>Output:</h2>
*** Using Compiler 'V5.06 update 7 (build 960)', folder: 'E:\01-App_Install_file\07-keil\Keil_v5\ARM\ARM Compiler 5.06\Bin'
Build target 'hal_f4_developmentboard'
compiling bsp_led.c...
compiling lv_port_indev.c...
compiling System.c...
compiling MyInit.c...
compiling xpt2046.c...
compiling CallBack.c...
compiling Public.c...
compiling main.c...
compiling Timer6.c...
compiling lv_port_disp.c...
compiling SPI_Flash.c...
compiling touch.c...
compiling TFT_LCD.c...
linking...
Program Size: Code=186904 RO-data=24096 RW-data=832 ZI-data=66976  
FromELF: creating hex file...
"bsp_hal_projiect\hal_f4_developmentboard.axf" - 0 Error(s), 0 Warning(s).

<h2>Software Packages used:</h2>

Package Vendor: Keil
                https://www.keil.com/pack/Keil.STM32F4xx_DFP.2.17.1.pack
                Keil::STM32F4xx_DFP@2.17.1
                STMicroelectronics STM32F4 Series Device Support, Drivers and Examples

<h2>Collection of Component include folders:</h2>
  E:/01-App_Install_file/07-keil/Packs/Keil/STM32F4xx_DFP/2.17.1/Drivers/CMSIS/Device/ST/STM32F4xx/Include

<h2>Collection of Component Files used:</h2>
Build Time Elapsed:  00:00:05
</pre>
</body>
</html>
